Archive member included to satisfy reference by file (symbol)

C:/ST/STM32CubeIDE_1.19.0/STM32CubeIDE/plugins/com.st.stm32cube.ide.mcu.externaltools.gnu-tools-for-stm32.13.3.rel1.win32_1.0.0.202411081344/tools/bin/../lib/gcc/arm-none-eabi/13.3.1/../../../../arm-none-eabi/lib/thumb/v7e-m+fp/hard\libc_nano.a(libc_a-exit.o)
                              C:/ST/STM32CubeIDE_1.19.0/STM32CubeIDE/plugins/com.st.stm32cube.ide.mcu.externaltools.gnu-tools-for-stm32.13.3.rel1.win32_1.0.0.202411081344/tools/bin/../lib/gcc/arm-none-eabi/13.3.1/../../../../arm-none-eabi/lib/thumb/v7e-m+fp/hard/crt0.o (exit)
C:/ST/STM32CubeIDE_1.19.0/STM32CubeIDE/plugins/com.st.stm32cube.ide.mcu.externaltools.gnu-tools-for-stm32.13.3.rel1.win32_1.0.0.202411081344/tools/bin/../lib/gcc/arm-none-eabi/13.3.1/../../../../arm-none-eabi/lib/thumb/v7e-m+fp/hard\libc_nano.a(libc_a-findfp.o)
                              C:/ST/STM32CubeIDE_1.19.0/STM32CubeIDE/plugins/com.st.stm32cube.ide.mcu.externaltools.gnu-tools-for-stm32.13.3.rel1.win32_1.0.0.202411081344/tools/bin/../lib/gcc/arm-none-eabi/13.3.1/../../../../arm-none-eabi/lib/thumb/v7e-m+fp/hard\libc_nano.a(libc_a-exit.o) (__stdio_exit_handler)
C:/ST/STM32CubeIDE_1.19.0/STM32CubeIDE/plugins/com.st.stm32cube.ide.mcu.externaltools.gnu-tools-for-stm32.13.3.rel1.win32_1.0.0.202411081344/tools/bin/../lib/gcc/arm-none-eabi/13.3.1/../../../../arm-none-eabi/lib/thumb/v7e-m+fp/hard\libc_nano.a(libc_a-fwalk.o)
                              C:/ST/STM32CubeIDE_1.19.0/STM32CubeIDE/plugins/com.st.stm32cube.ide.mcu.externaltools.gnu-tools-for-stm32.13.3.rel1.win32_1.0.0.202411081344/tools/bin/../lib/gcc/arm-none-eabi/13.3.1/../../../../arm-none-eabi/lib/thumb/v7e-m+fp/hard\libc_nano.a(libc_a-findfp.o) (_fwalk_sglue)
C:/ST/STM32CubeIDE_1.19.0/STM32CubeIDE/plugins/com.st.stm32cube.ide.mcu.externaltools.gnu-tools-for-stm32.13.3.rel1.win32_1.0.0.202411081344/tools/bin/../lib/gcc/arm-none-eabi/13.3.1/../../../../arm-none-eabi/lib/thumb/v7e-m+fp/hard\libc_nano.a(libc_a-stdio.o)
                              C:/ST/STM32CubeIDE_1.19.0/STM32CubeIDE/plugins/com.st.stm32cube.ide.mcu.externaltools.gnu-tools-for-stm32.13.3.rel1.win32_1.0.0.202411081344/tools/bin/../lib/gcc/arm-none-eabi/13.3.1/../../../../arm-none-eabi/lib/thumb/v7e-m+fp/hard\libc_nano.a(libc_a-findfp.o) (__sread)
C:/ST/STM32CubeIDE_1.19.0/STM32CubeIDE/plugins/com.st.stm32cube.ide.mcu.externaltools.gnu-tools-for-stm32.13.3.rel1.win32_1.0.0.202411081344/tools/bin/../lib/gcc/arm-none-eabi/13.3.1/../../../../arm-none-eabi/lib/thumb/v7e-m+fp/hard\libc_nano.a(libc_a-memset.o)
                              C:/ST/STM32CubeIDE_1.19.0/STM32CubeIDE/plugins/com.st.stm32cube.ide.mcu.externaltools.gnu-tools-for-stm32.13.3.rel1.win32_1.0.0.202411081344/tools/bin/../lib/gcc/arm-none-eabi/13.3.1/../../../../arm-none-eabi/lib/thumb/v7e-m+fp/hard/crt0.o (memset)
C:/ST/STM32CubeIDE_1.19.0/STM32CubeIDE/plugins/com.st.stm32cube.ide.mcu.externaltools.gnu-tools-for-stm32.13.3.rel1.win32_1.0.0.202411081344/tools/bin/../lib/gcc/arm-none-eabi/13.3.1/../../../../arm-none-eabi/lib/thumb/v7e-m+fp/hard\libc_nano.a(libc_a-closer.o)
                              C:/ST/STM32CubeIDE_1.19.0/STM32CubeIDE/plugins/com.st.stm32cube.ide.mcu.externaltools.gnu-tools-for-stm32.13.3.rel1.win32_1.0.0.202411081344/tools/bin/../lib/gcc/arm-none-eabi/13.3.1/../../../../arm-none-eabi/lib/thumb/v7e-m+fp/hard\libc_nano.a(libc_a-stdio.o) (_close_r)
C:/ST/STM32CubeIDE_1.19.0/STM32CubeIDE/plugins/com.st.stm32cube.ide.mcu.externaltools.gnu-tools-for-stm32.13.3.rel1.win32_1.0.0.202411081344/tools/bin/../lib/gcc/arm-none-eabi/13.3.1/../../../../arm-none-eabi/lib/thumb/v7e-m+fp/hard\libc_nano.a(libc_a-reent.o)
                              C:/ST/STM32CubeIDE_1.19.0/STM32CubeIDE/plugins/com.st.stm32cube.ide.mcu.externaltools.gnu-tools-for-stm32.13.3.rel1.win32_1.0.0.202411081344/tools/bin/../lib/gcc/arm-none-eabi/13.3.1/../../../../arm-none-eabi/lib/thumb/v7e-m+fp/hard\libc_nano.a(libc_a-closer.o) (errno)
C:/ST/STM32CubeIDE_1.19.0/STM32CubeIDE/plugins/com.st.stm32cube.ide.mcu.externaltools.gnu-tools-for-stm32.13.3.rel1.win32_1.0.0.202411081344/tools/bin/../lib/gcc/arm-none-eabi/13.3.1/../../../../arm-none-eabi/lib/thumb/v7e-m+fp/hard\libc_nano.a(libc_a-impure.o)
                              C:/ST/STM32CubeIDE_1.19.0/STM32CubeIDE/plugins/com.st.stm32cube.ide.mcu.externaltools.gnu-tools-for-stm32.13.3.rel1.win32_1.0.0.202411081344/tools/bin/../lib/gcc/arm-none-eabi/13.3.1/../../../../arm-none-eabi/lib/thumb/v7e-m+fp/hard\libc_nano.a(libc_a-reent.o) (_impure_ptr)
C:/ST/STM32CubeIDE_1.19.0/STM32CubeIDE/plugins/com.st.stm32cube.ide.mcu.externaltools.gnu-tools-for-stm32.13.3.rel1.win32_1.0.0.202411081344/tools/bin/../lib/gcc/arm-none-eabi/13.3.1/../../../../arm-none-eabi/lib/thumb/v7e-m+fp/hard\libc_nano.a(libc_a-lseekr.o)
[...]
Memory Configuration

Name             Origin             Length             Attributes
RAM              0x20000000         0x00020000         xrw
FLASH            0x08000000         0x00080000         xr
*default*        0x00000000         0xffffffff

Linker script and memory map

LOAD C:/ST/STM32CubeIDE_1.19.0/STM32CubeIDE/plugins/com.st.stm32cube.ide.mcu.externaltools.gnu-tools-for-stm32.13.3.rel1.win32_1.0.0.202411081344/tools/bin/../lib/gcc/arm-none-eabi/13.3.1/thumb/v7e-m+fp/hard/crti.o
LOAD C:/ST/STM32CubeIDE_1.19.0/STM32CubeIDE/plugins/com.st.stm32cube.ide.mcu.externaltools.gnu-tools-for-stm32.13.3.rel1.win32_1.0.0.202411081344/tools/bin/../lib/gcc/arm-none-eabi/13.3.1/thumb/v7e-m+fp/hard/crtbegin.o
LOAD C:/ST/STM32CubeIDE_1.19.0/STM32CubeIDE/plugins/com.st.stm32cube.ide.mcu.externaltools.gnu-tools-for-stm32.13.3.rel1.win32_1.0.0.202411081344/tools/bin/../lib/gcc/arm-none-eabi/13.3.1/../../../../arm-none-eabi/lib/thumb/v7e-m+fp/hard/crt0.o
LOAD ./Core/Src/main.o
LOAD ./Core/Src/stm32f4xx_hal_msp.o
LOAD ./Core/Src/stm32f4xx_it.o
LOAD ./Core/Src/syscalls.o
LOAD ./Core/Src/sysmem.o
LOAD ./Core/Src/system_stm32f4xx.o
LOAD ./Core/Startup/startup_stm32f411ceux.o
LOAD ./Drivers/STM32F4xx_HAL_Driver/Src/stm32f4xx_hal.o
LOAD ./Drivers/STM32F4xx_HAL_Driver/Src/stm32f4xx_hal_adc.o
LOAD ./Drivers/STM32F4xx_HAL_Driver/Src/stm32f4xx_hal_adc_ex.o
LOAD ./Drivers/STM32F4xx_HAL_Driver/Src/stm32f4xx_hal_cortex.o
LOAD ./Drivers/STM32F4xx_HAL_Driver/Src/stm32f4xx_hal_dma.o
LOAD ./Drivers/STM32F4xx_HAL_Driver/Src/stm32f4xx_hal_dma_ex.o
LOAD ./Drivers/STM32F4xx_HAL_Driver/Src/stm32f4xx_hal_exti.o
LOAD ./Drivers/STM32F4xx_HAL_Driver/Src/stm32f4xx_hal_flash.o
LOAD ./Drivers/STM32F4xx_HAL_Driver/Src/stm32f4xx_hal_flash_ex.o
LOAD ./Drivers/STM32F4xx_HAL_Driver/Src/stm32f4xx_hal_flash_ramfunc.o
LOAD ./Drivers/STM32F4xx_HAL_Driver/Src/stm32f4xx_hal_gpio.o
LOAD ./Drivers/STM32F4xx_HAL_Driver/Src/stm32f4xx_hal_pcd.o
LOAD ./Drivers/STM32F4xx_HAL_Driver/Src/stm32f4xx_hal_pcd_ex.o
LOAD ./Drivers/STM32F4xx_HAL_Driver/Src/stm32f4xx_hal_pwr.o
LOAD ./Drivers/STM32F4xx_HAL_Driver/Src/stm32f4xx_hal_pwr_ex.o
LOAD ./Drivers/STM32F4xx_HAL_Driver/Src/stm32f4xx_hal_rcc.o
LOAD ./Drivers/STM32F4xx_HAL_Driver/Src/stm32f4xx_hal_rcc_ex.o
LOAD ./Drivers/STM32F4xx_HAL_Driver/Src/stm32f4xx_hal_tim.o
LOAD ./Drivers/STM32F4xx_HAL_Driver/Src/stm32f4xx_hal_tim_ex.o
LOAD ./Drivers/STM32F4xx_HAL_Driver/Src/stm32f4xx_ll_adc.o
LOAD ./Drivers/STM32F4xx_HAL_Driver/Src/stm32f4xx_ll_usb.o
LOAD ./Middlewares/ST/STM32_USB_Device_Library/Class/CustomHID/Src/usbd_customhid.o
LOAD ./Middlewares/ST/STM32_USB_Device_Library/Core/Src/usbd_core.o
LOAD ./Middlewares/ST/STM32_USB_Device_Library/Core/Src/usbd_ctlreq.o
LOAD ./Middlewares/ST/STM32_USB_Device_Library/Core/Src/usbd_ioreq.o
LOAD ./USB_DEVICE/App/usb_device.o
LOAD ./USB_DEVICE/App/usbd_custom_hid_if.o
LOAD ./USB_DEVICE/App/usbd_desc.o
LOAD ./USB_DEVICE/Target/usbd_conf.o
START GROUP
LOAD C:/ST/STM32CubeIDE_1.19.0/STM32CubeIDE/plugins/com.st.stm32cube.ide.mcu.externaltools.gnu-tools-for-stm32.13.3.rel1.win32_1.0.0.202411081344/tools/bin/../lib/gcc/arm-none-eabi/13.3.1/../../../../arm-none-eabi/lib/thumb/v7e-m+fp/hard\libc_nano.a
LOAD C:/ST/STM32CubeIDE_1.19.0/STM32CubeIDE/plugins/com.st.stm32cube.ide.mcu.externaltools.gnu-tools-for-stm32.13.3.rel1.win32_1.0.0.202411081344/tools/bin/../lib/gcc/arm-none-eabi/13.3.1/../../../../arm-none-eabi/lib/thumb/v7e-m+fp/hard\libm.a
END GROUP
START GROUP
LOAD C:/ST/STM32CubeIDE_1.19.0/STM32CubeIDE/plugins/com.st.stm32cube.ide.mcu.externaltools.gnu-tools-for-stm32.13.3.rel1.win32_1.0.0.202411081344/tools/bin/../lib/gcc/arm-none-eabi/13.3.1/thumb/v7e-m+fp/hard\libgcc.a
LOAD C:/ST/STM32CubeIDE_1.19.0/STM32CubeIDE/plugins/com.st.stm32cube.ide.mcu.externaltools.gnu-tools-for-stm32.13.3.rel1.win32_1.0.0.202411081344/tools/bin/../lib/gcc/arm-none-eabi/13.3.1/../../../../arm-none-eabi/lib/thumb/v7e-m+fp/hard\libc_nano.a
END GROUP
START GROUP
LOAD C:/ST/STM32CubeIDE_1.19.0/STM32CubeIDE/plugins/com.st.stm32cube.ide.mcu.externaltools.gnu-tools-for-stm32.13.3.rel1.win32_1.0.0.202411081344/tools/bin/../lib/gcc/arm-none-eabi/13.3.1/thumb/v7e-m+fp/hard\libgcc.a
LOAD C:/ST/STM32CubeIDE_1.19.0/STM32CubeIDE/plugins/com.st.stm32cube.ide.mcu.externaltools.gnu-tools-for-stm32.13.3.rel1.win32_1.0.0.202411081344/tools/bin/../lib/gcc/arm-none-eabi/13.3.1/../../../../arm-none-eabi/lib/thumb/v7e-m+fp/hard\libc_nano.a
LOAD C:/ST/STM32CubeIDE_1.19.0/STM32CubeIDE/plugins/com.st.stm32cube.ide.mcu.externaltools.gnu-tools-for-stm32.13.3.rel1.win32_1.0.0.202411081344/tools/bin/../lib/gcc/arm-none-eabi/13.3.1/../../../../arm-none-eabi/lib/thumb/v7e-m+fp/hard\libnosys.a
END GROUP
START GROUP
LOAD C:/ST/STM32CubeIDE_1.19.0/STM32CubeIDE/plugins/com.st.stm32cube.ide.mcu.externaltools.gnu-tools-for-stm32.13.3.rel1.win32_1.0.0.202411081344/tools/bin/../lib/gcc/arm-none-eabi/13.3.1/thumb/v7e-m+fp/hard\libgcc.a
LOAD C:/ST/STM32CubeIDE_1.19.0/STM32CubeIDE/plugins/com.st.stm32cube.ide.mcu.externaltools.gnu-tools-for-stm32.13.3.rel1.win32_1.0.0.202411081344/tools/bin/../lib/gcc/arm-none-eabi/13.3.1/../../../../arm-none-eabi/lib/thumb/v7e-m+fp/hard\libc_nano.a
LOAD C:/ST/STM32CubeIDE_1.19.0/STM32CubeIDE/plugins/com.st.stm32cube.ide.mcu.externaltools.gnu-tools-for-stm32.13.3.rel1.win32_1.0.0.202411081344/tools/bin/../lib/gcc/arm-none-eabi/13.3.1/../../../../arm-none-eabi/lib/thumb/v7e-m+fp/hard\libnosys.a
END GROUP
LOAD C:/ST/STM32CubeIDE_1.19.0/STM32CubeIDE/plugins/com.st.stm32cube.ide.mcu.externaltools.gnu-tools-for-stm32.13.3.rel1.win32_1.0.0.202411081344/tools/bin/../lib/gcc/arm-none-eabi/13.3.1/thumb/v7e-m+fp/hard/crtend.o
LOAD C:/ST/STM32CubeIDE_1.19.0/STM32CubeIDE/plugins/com.st.stm32cube.ide.mcu.externaltools.gnu-tools-for-stm32.13.3.rel1.win32_1.0.0.202411081344/tools/bin/../lib/gcc/arm-none-eabi/13.3.1/thumb/v7e-m+fp/hard/crtn.o
                0x20020000                        _estack = (ORIGIN (RAM) + LENGTH (RAM))
                0x00000200                        _Min_Heap_Size = 0x200
                0x00000400                        _Min_Stack_Size = 0x400

.isr_vector     0x08000000      0x198
                0x08000000                        . = ALIGN (0x4)
 *(.isr_vector)
 .isr_vector    0x08000000      0x198 ./Core/Startup/startup_stm32f411ceux.o
                0x08000000                g_pfnVectors
                0x08000198                        . = ALIGN (0x4)

.text           0x08000198     0x8b24
                0x08000198                        . = ALIGN (0x4)
 *(.text)
 .text          0x08000198       0x40 C:/ST/STM32CubeIDE_1.19.0/STM32CubeIDE/plugins/com.st.stm32cube.ide.mcu.externaltools.gnu-tools-for-stm32.13.3.rel1.win32_1.0.0.202411081344/tools/bin/../lib/gcc/arm-none-eabi/13.3.1/thumb/v7e-m+fp/hard/crtbegin.o
 .text          0x080001d8       0x30 C:/ST/STM32CubeIDE_1.19.0/STM32CubeIDE/plugins/com.st.stm32cube.ide.mcu.externaltools.gnu-tools-for-stm32.13.3.rel1.win32_1.0.0.202411081344/tools/bin/../lib/gcc/arm-none-eabi/13.3.1/thumb/v7e-m+fp/hard\libgcc.a(_aeabi_uldivmod.o)
                0x080001d8                __aeabi_uldivmod
 .text          0x08000208      0x2f8 C:/ST/STM32CubeIDE_1.19.0/STM32CubeIDE/plugins/com.st.stm32cube.ide.mcu.externaltools.gnu-tools-for-stm32.13.3.rel1.win32_1.0.0.202411081344/tools/bin/../lib/gcc/arm-none-eabi/13.3.1/thumb/v7e-m+fp/hard\libgcc.a(_udivmoddi4.o)
                0x08000208                __udivmoddi4
 .text          0x08000500        0x4 C:/ST/STM32CubeIDE_1.19.0/STM32CubeIDE/plugins/com.st.stm32cube.ide.mcu.externaltools.gnu-tools-for-stm32.13.3.rel1.win32_1.0.0.202411081344/tools/bin/../lib/gcc/arm-none-eabi/13.3.1/thumb/v7e-m+fp/hard\libgcc.a(_dvmd_tls.o)
                0x08000500                __aeabi_idiv0
                0x08000500                __aeabi_ldiv0
 *(.text*)
 .text.HAL_ADC_ConvCpltCallback
                0x08000504       0x64 ./Core/Src/main.o
                0x08000504                HAL_ADC_ConvCpltCallback
 .text.HAL_TIM_IC_CaptureCallback
                0x08000568       0x48 ./Core/Src/main.o
                0x08000568                HAL_TIM_IC_CaptureCallback
 .text.HAL_TIM_PeriodElapsedCallback
                0x080005b0       0x88 ./Core/Src/main.o
                0x080005b0                HAL_TIM_PeriodElapsedCallback
 .text.main     0x08000638       0xa0 ./Core/Src/main.o
                0x08000638                main
 .text.SystemClock_Config
                0x080006d8       0xd4 ./Core/Src/main.o
                0x080006d8                SystemClock_Config
 .text.MX_ADC1_Init
                0x080007ac       0xfc ./Core/Src/main.o
 .text.MX_TIM2_Init
                0x080008a8       0xa4 ./Core/Src/main.o
 .text.MX_TIM3_Init
                0x0800094c       0x9c ./Core/Src/main.o
 .text.MX_TIM10_Init
                0x080009e8       0x48 ./Core/Src/main.o
 .text.MX_DMA_Init
                0x08000a30       0x40 ./Core/Src/main.o
 .text.MX_GPIO_Init
                0x08000a70       0x94 ./Core/Src/main.o
 .text.Error_Handler
                0x08000b04        0xc ./Core/Src/main.o
                0x08000b04                Error_Handler
 .text.HAL_MspInit
                0x08000b10       0x50 ./Core/Src/stm32f4xx_hal_msp.o
                0x08000b10                HAL_MspInit
 .text.HAL_ADC_MspInit
                0x08000b60      0x100 ./Core/Src/stm32f4xx_hal_msp.o
                0x08000b60                HAL_ADC_MspInit
 .text.HAL_TIM_Encoder_MspInit
                0x08000c60       0xdc ./Core/Src/stm32f4xx_hal_msp.o
                0x08000c60                HAL_TIM_Encoder_MspInit
 .text.HAL_TIM_Base_MspInit
                0x08000d3c       0x7c ./Core/Src/stm32f4xx_hal_msp.o
                0x08000d3c                HAL_TIM_Base_MspInit
 .text.NMI_Handler
                0x08000db8        0x8 ./Core/Src/stm32f4xx_it.o
                0x08000db8                NMI_Handler
 .text.HardFault_Handler
                0x08000dc0        0x8 ./Core/Src/stm32f4xx_it.o
                0x08000dc0                HardFault_Handler
 .text.MemManage_Handler
                0x08000dc8        0x8 ./Core/Src/stm32f4xx_it.o
                0x08000dc8                MemManage_Handler
 .text.BusFault_Handler
                0x08000dd0        0x8 ./Core/Src/stm32f4xx_it.o
                0x08000dd0                BusFault_Handler
 .text.UsageFault_Handler
                0x08000dd8        0x8 ./Core/Src/stm32f4xx_it.o
                0x08000dd8                UsageFault_Handler
 .text.SVC_Handler
                0x08000de0        0xe ./Core/Src/stm32f4xx_it.o
                0x08000de0                SVC_Handler
 .text.DebugMon_Handler
                0x08000dee        0xe ./Core/Src/stm32f4xx_it.o
                0x08000dee                DebugMon_Handler
 .text.PendSV_Handler
                0x08000dfc        0xe ./Core/Src/stm32f4xx_it.o
                0x08000dfc                PendSV_Handler
 .text.SysTick_Handler
                0x08000e0a        0xc ./Core/Src/stm32f4xx_it.o
                0x08000e0a                SysTick_Handler
 *fill*         0x08000e16        0x2 
 .text.ADC_IRQHandler
                0x08000e18       0x14 ./Core/Src/stm32f4xx_it.o
                0x08000e18                ADC_IRQHandler
 .text.TIM1_UP_TIM10_IRQHandler
                0x08000e2c       0x14 ./Core/Src/stm32f4xx_it.o
                0x08000e2c                TIM1_UP_TIM10_IRQHandler
 .text.TIM2_IRQHandler
                0x08000e40       0x14 ./Core/Src/stm32f4xx_it.o
                0x08000e40                TIM2_IRQHandler
 .text.DMA2_Stream0_IRQHandler
                0x08000e54       0x14 ./Core/Src/stm32f4xx_it.o
                0x08000e54                DMA2_Stream0_IRQHandler
 .text.OTG_FS_IRQHandler
                0x08000e68       0x14 ./Core/Src/stm32f4xx_it.o
                0x08000e68                OTG_FS_IRQHandler
 .text.SystemInit
                0x08000e7c       0x24 ./Core/Src/system_stm32f4xx.o
                0x08000e7c                SystemInit
 .text.Reset_Handler
                0x08000ea0       0x50 ./Core/Startup/startup_stm32f411ceux.o
                0x08000ea0                Reset_Handler
 .text.Default_Handler
                0x08000ef0        0x2 ./Core/Startup/startup_stm32f411ceux.o
                0x08000ef0                RTC_Alarm_IRQHandler
                0x08000ef0                EXTI2_IRQHandler
                0x08000ef0                SPI4_IRQHandler
                0x08000ef0                TIM1_CC_IRQHandler
                0x08000ef0                DMA2_Stream5_IRQHandler
                0x08000ef0                DMA1_Stream5_IRQHandler
                0x08000ef0                PVD_IRQHandler
                0x08000ef0                SDIO_IRQHandler
                0x08000ef0                TAMP_STAMP_IRQHandler
                0x08000ef0                EXTI3_IRQHandler
                0x08000ef0                I2C3_ER_IRQHandler
                0x08000ef0                EXTI0_IRQHandler
                0x08000ef0                I2C2_EV_IRQHandler
                0x08000ef0                DMA1_Stream2_IRQHandler
                0x08000ef0                FPU_IRQHandler
                0x08000ef0                DMA2_Stream2_IRQHandler
                0x08000ef0                SPI1_IRQHandler
                0x08000ef0                TIM1_BRK_TIM9_IRQHandler
                0x08000ef0                DMA2_Stream3_IRQHandler
                0x08000ef0                USART6_IRQHandler
                0x08000ef0                TIM4_IRQHandler
                0x08000ef0                I2C1_EV_IRQHandler
                0x08000ef0                DMA1_Stream6_IRQHandler
                0x08000ef0                DMA1_Stream1_IRQHandler
                0x08000ef0                TIM3_IRQHandler
                0x08000ef0                RCC_IRQHandler
                0x08000ef0                Default_Handler
                0x08000ef0                EXTI15_10_IRQHandler
                0x08000ef0                DMA1_Stream7_IRQHandler
                0x08000ef0                SPI5_IRQHandler
                0x08000ef0                TIM5_IRQHandler
                0x08000ef0                DMA2_Stream7_IRQHandler
                0x08000ef0                I2C3_EV_IRQHandler
                0x08000ef0                EXTI9_5_IRQHandler
                0x08000ef0                RTC_WKUP_IRQHandler
                0x08000ef0                SPI2_IRQHandler
                0x08000ef0                DMA1_Stream0_IRQHandler
                0x08000ef0                EXTI4_IRQHandler
                0x08000ef0                WWDG_IRQHandler
                0x08000ef0                OTG_FS_WKUP_IRQHandler
                0x08000ef0                TIM1_TRG_COM_TIM11_IRQHandler
                0x08000ef0                EXTI1_IRQHandler
                0x08000ef0                USART2_IRQHandler
                0x08000ef0                I2C2_ER_IRQHandler
                0x08000ef0                DMA2_Stream1_IRQHandler
                0x08000ef0                FLASH_IRQHandler
                0x08000ef0                DMA2_Stream4_IRQHandler
                0x08000ef0                USART1_IRQHandler
                0x08000ef0                SPI3_IRQHandler
                0x08000ef0                DMA1_Stream4_IRQHandler
                0x08000ef0                I2C1_ER_IRQHandler
                0x08000ef0                DMA2_Stream6_IRQHandler
                0x08000ef0                DMA1_Stream3_IRQHandler
 *fill*         0x08000ef2        0x2 
 .text.HAL_Init
                0x08000ef4       0x44 ./Drivers/STM32F4xx_HAL_Driver/Src/stm32f4xx_hal.o
                0x08000ef4                HAL_Init
 .text.HAL_InitTick
                0x08000f38       0x60 ./Drivers/STM32F4xx_HAL_Driver/Src/stm32f4xx_hal.o
                0x08000f38                HAL_InitTick
 .text.HAL_IncTick
                0x08000f98       0x28 ./Drivers/STM32F4xx_HAL_Driver/Src/stm32f4xx_hal.o
                0x08000f98                HAL_IncTick
 .text.HAL_GetTick
                0x08000fc0       0x18 ./Drivers/STM32F4xx_HAL_Driver/Src/stm32f4xx_hal.o
                0x08000fc0                HAL_GetTick
 .text.HAL_Delay
                0x08000fd8       0x48 ./Drivers/STM32F4xx_HAL_Driver/Src/stm32f4xx_hal.o
                0x08000fd8                HAL_Delay
 .text.HAL_ADC_Init
                0x08001020       0x86 ./Drivers/STM32F4xx_HAL_Driver/Src/stm32f4xx_hal_adc.o
                0x08001020                HAL_ADC_Init
 .text.HAL_ADC_IRQHandler
                0x080010a6      0x220 ./Drivers/STM32F4xx_HAL_Driver/Src/stm32f4xx_hal_adc.o
                0x080010a6                HAL_ADC_IRQHandler
 *fill*         0x080012c6        0x2 
 .text.HAL_ADC_Start_DMA
                0x080012c8      0x1e8 ./Drivers/STM32F4xx_HAL_Driver/Src/stm32f4xx_hal_adc.o
                0x080012c8                HAL_ADC_Start_DMA
 .text.HAL_ADC_ConvHalfCpltCallback
                0x080014b0       0x14 ./Drivers/STM32F4xx_HAL_Driver/Src/stm32f4xx_hal_adc.o
                0x080014b0                HAL_ADC_ConvHalfCpltCallback
 .text.HAL_ADC_LevelOutOfWindowCallback
                0x080014c4       0x14 ./Drivers/STM32F4xx_HAL_Driver/Src/stm32f4xx_hal_adc.o
                0x080014c4                HAL_ADC_LevelOutOfWindowCallback
 .text.HAL_ADC_ErrorCallback
                0x080014d8       0x14 ./Drivers/STM32F4xx_HAL_Driver/Src/stm32f4xx_hal_adc.o
                0x080014d8                HAL_ADC_ErrorCallback
 .text.HAL_ADC_ConfigChannel
                0x080014ec      0x264 ./Drivers/STM32F4xx_HAL_Driver/Src/stm32f4xx_hal_adc.o
                0x080014ec                HAL_ADC_ConfigChannel
 .text.ADC_Init
                0x08001750      0x1f8 ./Drivers/STM32F4xx_HAL_Driver/Src/stm32f4xx_hal_adc.o
 .text.ADC_DMAConvCplt
                0x08001948       0xba ./Drivers/STM32F4xx_HAL_Driver/Src/stm32f4xx_hal_adc.o
 .text.ADC_DMAHalfConvCplt
                0x08001a02       0x1c ./Drivers/STM32F4xx_HAL_Driver/Src/stm32f4xx_hal_adc.o
 .text.ADC_DMAError
                0x08001a1e       0x2e ./Drivers/STM32F4xx_HAL_Driver/Src/stm32f4xx_hal_adc.o
 .text.HAL_ADCEx_InjectedConvCpltCallback
                0x08001a4c       0x14 ./Drivers/STM32F4xx_HAL_Driver/Src/stm32f4xx_hal_adc_ex.o
                0x08001a4c                HAL_ADCEx_InjectedConvCpltCallback
 .text.__NVIC_SetPriorityGrouping
                0x08001a60       0x48 ./Drivers/STM32F4xx_HAL_Driver/Src/stm32f4xx_hal_cortex.o
 .text.__NVIC_GetPriorityGrouping
                0x08001aa8       0x1c ./Drivers/STM32F4xx_HAL_Driver/Src/stm32f4xx_hal_cortex.o
 .text.__NVIC_EnableIRQ
                0x08001ac4       0x3c ./Drivers/STM32F4xx_HAL_Driver/Src/stm32f4xx_hal_cortex.o
 .text.__NVIC_SetPriority
                0x08001b00       0x54 ./Drivers/STM32F4xx_HAL_Driver/Src/stm32f4xx_hal_cortex.o
 .text.NVIC_EncodePriority
                0x08001b54       0x66 ./Drivers/STM32F4xx_HAL_Driver/Src/stm32f4xx_hal_cortex.o
 *fill*         0x08001bba        0x2 
 .text.SysTick_Config
                0x08001bbc       0x44 ./Drivers/STM32F4xx_HAL_Driver/Src/stm32f4xx_hal_cortex.o
 .text.HAL_NVIC_SetPriorityGrouping
                0x08001c00       0x16 ./Drivers/STM32F4xx_HAL_Driver/Src/stm32f4xx_hal_cortex.o
                0x08001c00                HAL_NVIC_SetPriorityGrouping
 .text.HAL_NVIC_SetPriority
                0x08001c16       0x38 ./Drivers/STM32F4xx_HAL_Driver/Src/stm32f4xx_hal_cortex.o
                0x08001c16                HAL_NVIC_SetPriority
 .text.HAL_NVIC_EnableIRQ
                0x08001c4e       0x1c ./Drivers/STM32F4xx_HAL_Driver/Src/stm32f4xx_hal_cortex.o
                0x08001c4e                HAL_NVIC_EnableIRQ
 .text.HAL_SYSTICK_Config
                0x08001c6a       0x18 ./Drivers/STM32F4xx_HAL_Driver/Src/stm32f4xx_hal_cortex.o
                0x08001c6a                HAL_SYSTICK_Config
 *fill*         0x08001c82        0x2 
 .text.HAL_DMA_Init
                0x08001c84      0x15c ./Drivers/STM32F4xx_HAL_Driver/Src/stm32f4xx_hal_dma.o
                0x08001c84                HAL_DMA_Init
 .text.HAL_DMA_Start_IT
                0x08001de0       0xb0 ./Drivers/STM32F4xx_HAL_Driver/Src/stm32f4xx_hal_dma.o
                0x08001de0                HAL_DMA_Start_IT
 .text.HAL_DMA_IRQHandler
                0x08001e90      0x314 ./Drivers/STM32F4xx_HAL_Driver/Src/stm32f4xx_hal_dma.o
                0x08001e90                HAL_DMA_IRQHandler
 .text.DMA_SetConfig
                0x080021a4       0x5c ./Drivers/STM32F4xx_HAL_Driver/Src/stm32f4xx_hal_dma.o
 .text.DMA_CalcBaseAndBitshift
                0x08002200       0x6c ./Drivers/STM32F4xx_HAL_Driver/Src/stm32f4xx_hal_dma.o
 .text.DMA_CheckFifoParam
                0x0800226c       0xf8 ./Drivers/STM32F4xx_HAL_Driver/Src/stm32f4xx_hal_dma.o
 .text.HAL_GPIO_Init
                0x08002364      0x308 ./Drivers/STM32F4xx_HAL_Driver/Src/stm32f4xx_hal_gpio.o
                0x08002364                HAL_GPIO_Init
 .text.HAL_GPIO_ReadPin
                0x0800266c       0x30 ./Drivers/STM32F4xx_HAL_Driver/Src/stm32f4xx_hal_gpio.o
                0x0800266c                HAL_GPIO_ReadPin
 .text.HAL_PCD_Init
                0x0800269c      0x21e ./Drivers/STM32F4xx_HAL_Driver/Src/stm32f4xx_hal_pcd.o
                0x0800269c                HAL_PCD_Init
 .text.HAL_PCD_Start
                0x080028ba       0x6a ./Drivers/STM32F4xx_HAL_Driver/Src/stm32f4xx_hal_pcd.o
                0x080028ba                HAL_PCD_Start
 .text.HAL_PCD_IRQHandler
                0x08002924      0x942 ./Drivers/STM32F4xx_HAL_Driver/Src/stm32f4xx_hal_pcd.o
                0x08002924                HAL_PCD_IRQHandler
 .text.HAL_PCD_SetAddress
                0x08003266       0x48 ./Drivers/STM32F4xx_HAL_Driver/Src/stm32f4xx_hal_pcd.o
                0x08003266                HAL_PCD_SetAddress
 .text.HAL_PCD_EP_Open
                0x080032ae       0xd4 ./Drivers/STM32F4xx_HAL_Driver/Src/stm32f4xx_hal_pcd.o
                0x080032ae                HAL_PCD_EP_Open
 .text.HAL_PCD_EP_Close
                0x08003382       0x94 ./Drivers/STM32F4xx_HAL_Driver/Src/stm32f4xx_hal_pcd.o
                0x08003382                HAL_PCD_EP_Close
 .text.HAL_PCD_EP_Receive
                0x08003416       0x76 ./Drivers/STM32F4xx_HAL_Driver/Src/stm32f4xx_hal_pcd.o
                0x08003416                HAL_PCD_EP_Receive
 .text.HAL_PCD_EP_Transmit
                0x0800348c       0x74 ./Drivers/STM32F4xx_HAL_Driver/Src/stm32f4xx_hal_pcd.o
                0x0800348c                HAL_PCD_EP_Transmit
 .text.HAL_PCD_EP_SetStall
                0x08003500       0xc6 ./Drivers/STM32F4xx_HAL_Driver/Src/stm32f4xx_hal_pcd.o
                0x08003500                HAL_PCD_EP_SetStall
 .text.HAL_PCD_EP_ClrStall
                0x080035c6       0xac ./Drivers/STM32F4xx_HAL_Driver/Src/stm32f4xx_hal_pcd.o
                0x080035c6                HAL_PCD_EP_ClrStall
 .text.HAL_PCD_EP_Abort
                0x08003672       0x62 ./Drivers/STM32F4xx_HAL_Driver/Src/stm32f4xx_hal_pcd.o
                0x08003672                HAL_PCD_EP_Abort
 .text.PCD_WriteEmptyTxFifo
                0x080036d4      0x118 ./Drivers/STM32F4xx_HAL_Driver/Src/stm32f4xx_hal_pcd.o
 .text.PCD_EP_OutXfrComplete_int
                0x080037ec      0x1d0 ./Drivers/STM32F4xx_HAL_Driver/Src/stm32f4xx_hal_pcd.o
 .text.PCD_EP_OutSetupPacket_int
                0x080039bc       0x8c ./Drivers/STM32F4xx_HAL_Driver/Src/stm32f4xx_hal_pcd.o
 .text.HAL_PCDEx_SetTxFiFo
                0x08003a48       0x8e ./Drivers/STM32F4xx_HAL_Driver/Src/stm32f4xx_hal_pcd_ex.o
                0x08003a48                HAL_PCDEx_SetTxFiFo
 .text.HAL_PCDEx_SetRxFiFo
                0x08003ad6       0x22 ./Drivers/STM32F4xx_HAL_Driver/Src/stm32f4xx_hal_pcd_ex.o
                0x08003ad6                HAL_PCDEx_SetRxFiFo
 .text.HAL_PCDEx_LPM_Callback
                0x08003af8       0x18 ./Drivers/STM32F4xx_HAL_Driver/Src/stm32f4xx_hal_pcd_ex.o
                0x08003af8                HAL_PCDEx_LPM_Callback
 .text.HAL_RCC_OscConfig
                0x08003b10      0x4f0 ./Drivers/STM32F4xx_HAL_Driver/Src/stm32f4xx_hal_rcc.o
                0x08003b10                HAL_RCC_OscConfig
 .text.HAL_RCC_ClockConfig
                0x08004000      0x1cc ./Drivers/STM32F4xx_HAL_Driver/Src/stm32f4xx_hal_rcc.o
                0x08004000                HAL_RCC_ClockConfig
 .text.HAL_RCC_GetSysClockFreq
                0x080041cc      0x18c ./Drivers/STM32F4xx_HAL_Driver/Src/stm32f4xx_hal_rcc.o
                0x080041cc                HAL_RCC_GetSysClockFreq
 .text.HAL_RCC_GetHCLKFreq
                0x08004358       0x18 ./Drivers/STM32F4xx_HAL_Driver/Src/stm32f4xx_hal_rcc.o
                0x08004358                HAL_RCC_GetHCLKFreq
 .text.HAL_TIM_Base_Init
                0x08004370       0x9e ./Drivers/STM32F4xx_HAL_Driver/Src/stm32f4xx_hal_tim.o
                0x08004370                HAL_TIM_Base_Init
 *fill*         0x0800440e        0x2 
 .text.HAL_TIM_Base_Start
                0x08004410       0xb4 ./Drivers/STM32F4xx_HAL_Driver/Src/stm32f4xx_hal_tim.o
                0x08004410                HAL_TIM_Base_Start
 .text.HAL_TIM_Base_Stop_IT
                0x080044c4       0x5e ./Drivers/STM32F4xx_HAL_Driver/Src/stm32f4xx_hal_tim.o
                0x080044c4                HAL_TIM_Base_Stop_IT
 .text.HAL_TIM_Encoder_Init
                0x08004522      0x14c ./Drivers/STM32F4xx_HAL_Driver/Src/stm32f4xx_hal_tim.o
                0x08004522                HAL_TIM_Encoder_Init
 .text.HAL_TIM_Encoder_Start_IT
                0x0800466e      0x15c ./Drivers/STM32F4xx_HAL_Driver/Src/stm32f4xx_hal_tim.o
                0x0800466e                HAL_TIM_Encoder_Start_IT
 .text.HAL_TIM_IRQHandler
                0x080047ca      0x1e0 ./Drivers/STM32F4xx_HAL_Driver/Src/stm32f4xx_hal_tim.o
                0x080047ca                HAL_TIM_IRQHandler
 .text.HAL_TIM_ConfigClockSource
                0x080049aa      0x18e ./Drivers/STM32F4xx_HAL_Driver/Src/stm32f4xx_hal_tim.o
                0x080049aa                HAL_TIM_ConfigClockSource
 .text.HAL_TIM_OC_DelayElapsedCallback
                0x08004b38       0x14 ./Drivers/STM32F4xx_HAL_Driver/Src/stm32f4xx_hal_tim.o
                0x08004b38                HAL_TIM_OC_DelayElapsedCallback
 .text.HAL_TIM_PWM_PulseFinishedCallback
                0x08004b4c       0x14 ./Drivers/STM32F4xx_HAL_Driver/Src/stm32f4xx_hal_tim.o
                0x08004b4c                HAL_TIM_PWM_PulseFinishedCallback
 .text.HAL_TIM_TriggerCallback
                0x08004b60       0x14 ./Drivers/STM32F4xx_HAL_Driver/Src/stm32f4xx_hal_tim.o
                0x08004b60                HAL_TIM_TriggerCallback
 .text.TIM_Base_SetConfig
                0x08004b74      0x10c ./Drivers/STM32F4xx_HAL_Driver/Src/stm32f4xx_hal_tim.o
                0x08004b74                TIM_Base_SetConfig
 .text.TIM_TI1_ConfigInputStage
                0x08004c80       0x5e ./Drivers/STM32F4xx_HAL_Driver/Src/stm32f4xx_hal_tim.o
 .text.TIM_TI2_ConfigInputStage
                0x08004cde       0x60 ./Drivers/STM32F4xx_HAL_Driver/Src/stm32f4xx_hal_tim.o
 .text.TIM_ITRx_SetConfig
                0x08004d3e       0x36 ./Drivers/STM32F4xx_HAL_Driver/Src/stm32f4xx_hal_tim.o
 .text.TIM_ETR_SetConfig
                0x08004d74       0x40 ./Drivers/STM32F4xx_HAL_Driver/Src/stm32f4xx_hal_tim.o
                0x08004d74                TIM_ETR_SetConfig
 .text.TIM_CCxChannelCmd
                0x08004db4       0x4a ./Drivers/STM32F4xx_HAL_Driver/Src/stm32f4xx_hal_tim.o
                0x08004db4                TIM_CCxChannelCmd
 *fill*         0x08004dfe        0x2 
 .text.HAL_TIMEx_MasterConfigSynchronization
                0x08004e00       0xdc ./Drivers/STM32F4xx_HAL_Driver/Src/stm32f4xx_hal_tim_ex.o
                0x08004e00                HAL_TIMEx_MasterConfigSynchronization
 .text.HAL_TIMEx_CommutCallback
                0x08004edc       0x14 ./Drivers/STM32F4xx_HAL_Driver/Src/stm32f4xx_hal_tim_ex.o
                0x08004edc                HAL_TIMEx_CommutCallback
 .text.HAL_TIMEx_BreakCallback
                0x08004ef0       0x14 ./Drivers/STM32F4xx_HAL_Driver/Src/stm32f4xx_hal_tim_ex.o
                0x08004ef0                HAL_TIMEx_BreakCallback
 .text.USB_CoreInit
                0x08004f04       0xc8 ./Drivers/STM32F4xx_HAL_Driver/Src/stm32f4xx_ll_usb.o
                0x08004f04                USB_CoreInit
 .text.USB_SetTurnaroundTime
                0x08004fcc      0x144 ./Drivers/STM32F4xx_HAL_Driver/Src/stm32f4xx_ll_usb.o
                0x08004fcc                USB_SetTurnaroundTime
 .text.USB_EnableGlobalInt
                0x08005110       0x22 ./Drivers/STM32F4xx_HAL_Driver/Src/stm32f4xx_ll_usb.o
                0x08005110                USB_EnableGlobalInt
 .text.USB_DisableGlobalInt
                0x08005132       0x22 ./Drivers/STM32F4xx_HAL_Driver/Src/stm32f4xx_ll_usb.o
                0x08005132                USB_DisableGlobalInt
 .text.USB_SetCurrentMode
                0x08005154       0x98 ./Drivers/STM32F4xx_HAL_Driver/Src/stm32f4xx_ll_usb.o
                0x08005154                USB_SetCurrentMode
 .text.USB_DevInit
                0x080051ec      0x2c8 ./Drivers/STM32F4xx_HAL_Driver/Src/stm32f4xx_ll_usb.o
                0x080051ec                USB_DevInit
 .text.USB_FlushTxFifo
                0x080054b4       0x64 ./Drivers/STM32F4xx_HAL_Driver/Src/stm32f4xx_ll_usb.o
                0x080054b4                USB_FlushTxFifo
 .text.USB_FlushRxFifo
                0x08005518       0x5c ./Drivers/STM32F4xx_HAL_Driver/Src/stm32f4xx_ll_usb.o
                0x08005518                USB_FlushRxFifo
 .text.USB_SetDevSpeed
                0x08005574       0x32 ./Drivers/STM32F4xx_HAL_Driver/Src/stm32f4xx_ll_usb.o
                0x08005574                USB_SetDevSpeed
 .text.USB_GetDevSpeed
                0x080055a6       0x4a ./Drivers/STM32F4xx_HAL_Driver/Src/stm32f4xx_ll_usb.o
                0x080055a6                USB_GetDevSpeed
 .text.USB_ActivateEndpoint
                0x080055f0      0x10e ./Drivers/STM32F4xx_HAL_Driver/Src/stm32f4xx_ll_usb.o
                0x080055f0                USB_ActivateEndpoint
 *fill*         0x080056fe        0x2 
 .text.USB_DeactivateEndpoint
                0x08005700      0x1b8 ./Drivers/STM32F4xx_HAL_Driver/Src/stm32f4xx_ll_usb.o
                0x08005700                USB_DeactivateEndpoint
 .text.USB_EPStartXfer
                0x080058b8      0x53c ./Drivers/STM32F4xx_HAL_Driver/Src/stm32f4xx_ll_usb.o
                0x080058b8                USB_EPStartXfer
 .text.USB_EPStopXfer
                0x08005df4      0x154 ./Drivers/STM32F4xx_HAL_Driver/Src/stm32f4xx_ll_usb.o
                0x08005df4                USB_EPStopXfer
 .text.USB_WritePacket
                0x08005f48       0x7c ./Drivers/STM32F4xx_HAL_Driver/Src/stm32f4xx_ll_usb.o
                0x08005f48                USB_WritePacket
 .text.USB_ReadPacket
                0x08005fc4       0xb0 ./Drivers/STM32F4xx_HAL_Driver/Src/stm32f4xx_ll_usb.o
                0x08005fc4                USB_ReadPacket
 .text.USB_EPSetStall
                0x08006074       0xdc ./Drivers/STM32F4xx_HAL_Driver/Src/stm32f4xx_ll_usb.o
                0x08006074                USB_EPSetStall
 .text.USB_EPClearStall
                0x08006150       0xcc ./Drivers/STM32F4xx_HAL_Driver/Src/stm32f4xx_ll_usb.o
                0x08006150                USB_EPClearStall
 .text.USB_SetDevAddress
                0x0800621c       0x4c ./Drivers/STM32F4xx_HAL_Driver/Src/stm32f4xx_ll_usb.o
                0x0800621c                USB_SetDevAddress
 .text.USB_DevConnect
                0x08006268       0x42 ./Drivers/STM32F4xx_HAL_Driver/Src/stm32f4xx_ll_usb.o
                0x08006268                USB_DevConnect
 .text.USB_DevDisconnect
                0x080062aa       0x42 ./Drivers/STM32F4xx_HAL_Driver/Src/stm32f4xx_ll_usb.o
                0x080062aa                USB_DevDisconnect
 .text.USB_ReadInterrupts
                0x080062ec       0x26 ./Drivers/STM32F4xx_HAL_Driver/Src/stm32f4xx_ll_usb.o
                0x080062ec                USB_ReadInterrupts
 .text.USB_ReadDevAllOutEpInterrupt
                0x08006312       0x34 ./Drivers/STM32F4xx_HAL_Driver/Src/stm32f4xx_ll_usb.o
                0x08006312                USB_ReadDevAllOutEpInterrupt
 .text.USB_ReadDevAllInEpInterrupt
                0x08006346       0x34 ./Drivers/STM32F4xx_HAL_Driver/Src/stm32f4xx_ll_usb.o
                0x08006346                USB_ReadDevAllInEpInterrupt
 .text.USB_ReadDevOutEPInterrupt
                0x0800637a       0x3c ./Drivers/STM32F4xx_HAL_Driver/Src/stm32f4xx_ll_usb.o
                0x0800637a                USB_ReadDevOutEPInterrupt
 .text.USB_ReadDevInEPInterrupt
                0x080063b6       0x5c ./Drivers/STM32F4xx_HAL_Driver/Src/stm32f4xx_ll_usb.o
                0x080063b6                USB_ReadDevInEPInterrupt
 .text.USB_GetMode
                0x08006412       0x1c ./Drivers/STM32F4xx_HAL_Driver/Src/stm32f4xx_ll_usb.o
                0x08006412                USB_GetMode
 .text.USB_ActivateSetup
                0x0800642e       0x46 ./Drivers/STM32F4xx_HAL_Driver/Src/stm32f4xx_ll_usb.o
                0x0800642e                USB_ActivateSetup
 .text.USB_EP0_OutStart
                0x08006474       0xbc ./Drivers/STM32F4xx_HAL_Driver/Src/stm32f4xx_ll_usb.o
                0x08006474                USB_EP0_OutStart
 .text.USB_CoreReset
                0x08006530       0x70 ./Drivers/STM32F4xx_HAL_Driver/Src/stm32f4xx_ll_usb.o
 .text.USBD_CUSTOM_HID_Init
                0x080065a0      0x154 ./Middlewares/ST/STM32_USB_Device_Library/Class/CustomHID/Src/usbd_customhid.o
 .text.USBD_CUSTOM_HID_DeInit
                0x080066f4       0xf4 ./Middlewares/ST/STM32_USB_Device_Library/Class/CustomHID/Src/usbd_customhid.o
 .text.USBD_CUSTOM_HID_Setup
                0x080067e8      0x254 ./Middlewares/ST/STM32_USB_Device_Library/Class/CustomHID/Src/usbd_customhid.o
 .text.USBD_CUSTOM_HID_SendReport
                0x08006a3c       0x64 ./Middlewares/ST/STM32_USB_Device_Library/Class/CustomHID/Src/usbd_customhid.o
                0x08006a3c                USBD_CUSTOM_HID_SendReport
 .text.USBD_CUSTOM_HID_GetFSCfgDesc
                0x08006aa0       0x64 ./Middlewares/ST/STM32_USB_Device_Library/Class/CustomHID/Src/usbd_customhid.o
 .text.USBD_CUSTOM_HID_GetHSCfgDesc
                0x08006b04       0x64 ./Middlewares/ST/STM32_USB_Device_Library/Class/CustomHID/Src/usbd_customhid.o
 .text.USBD_CUSTOM_HID_GetOtherSpeedCfgDesc
                0x08006b68       0x64 ./Middlewares/ST/STM32_USB_Device_Library/Class/CustomHID/Src/usbd_customhid.o
 .text.USBD_CUSTOM_HID_DataIn
                0x08006bcc       0x2c ./Middlewares/ST/STM32_USB_Device_Library/Class/CustomHID/Src/usbd_customhid.o
 .text.USBD_CUSTOM_HID_DataOut
                0x08006bf8       0x5a ./Middlewares/ST/STM32_USB_Device_Library/Class/CustomHID/Src/usbd_customhid.o
 *fill*         0x08006c52        0x2 
 .text.USBD_CUSTOM_HID_ReceivePacket
                0x08006c54       0x4c ./Middlewares/ST/STM32_USB_Device_Library/Class/CustomHID/Src/usbd_customhid.o
                0x08006c54                USBD_CUSTOM_HID_ReceivePacket
 .text.USBD_CUSTOM_HID_EP0_RxReady
                0x08006ca0       0x58 ./Middlewares/ST/STM32_USB_Device_Library/Class/CustomHID/Src/usbd_customhid.o
 .text.USBD_CUSTOM_HID_GetDeviceQualifierDesc
                0x08006cf8       0x20 ./Middlewares/ST/STM32_USB_Device_Library/Class/CustomHID/Src/usbd_customhid.o
 .text.USBD_CUSTOM_HID_RegisterInterface
                0x08006d18       0x34 ./Middlewares/ST/STM32_USB_Device_Library/Class/CustomHID/Src/usbd_customhid.o
                0x08006d18                USBD_CUSTOM_HID_RegisterInterface
 .text.USBD_Init
                0x08006d4c       0x60 ./Middlewares/ST/STM32_USB_Device_Library/Core/Src/usbd_core.o
                0x08006d4c                USBD_Init
 .text.USBD_RegisterClass
                0x08006dac       0x6c ./Middlewares/ST/STM32_USB_Device_Library/Core/Src/usbd_core.o
                0x08006dac                USBD_RegisterClass
 .text.USBD_Start
                0x08006e18       0x18 ./Middlewares/ST/STM32_USB_Device_Library/Core/Src/usbd_core.o
                0x08006e18                USBD_Start
 .text.USBD_RunTestMode
                0x08006e30       0x16 ./Middlewares/ST/STM32_USB_Device_Library/Core/Src/usbd_core.o
                0x08006e30                USBD_RunTestMode
 .text.USBD_SetClassConfig
                0x08006e46       0x38 ./Middlewares/ST/STM32_USB_Device_Library/Core/Src/usbd_core.o
                0x08006e46                USBD_SetClassConfig
 .text.USBD_ClrClassConfig
                0x08006e7e       0x34 ./Middlewares/ST/STM32_USB_Device_Library/Core/Src/usbd_core.o
                0x08006e7e                USBD_ClrClassConfig
 .text.USBD_LL_SetupStage
                0x08006eb2       0xaa ./Middlewares/ST/STM32_USB_Device_Library/Core/Src/usbd_core.o
                0x08006eb2                USBD_LL_SetupStage
 .text.USBD_LL_DataOutStage
                0x08006f5c      0x178 ./Middlewares/ST/STM32_USB_Device_Library/Core/Src/usbd_core.o
                0x08006f5c                USBD_LL_DataOutStage
 .text.USBD_LL_DataInStage
                0x080070d4      0x176 ./Middlewares/ST/STM32_USB_Device_Library/Core/Src/usbd_core.o
                0x080070d4                USBD_LL_DataInStage
 .text.USBD_LL_Reset
                0x0800724a       0xa6 ./Middlewares/ST/STM32_USB_Device_Library/Core/Src/usbd_core.o
                0x0800724a                USBD_LL_Reset
 .text.USBD_LL_SetSpeed
                0x080072f0       0x20 ./Middlewares/ST/STM32_USB_Device_Library/Core/Src/usbd_core.o
                0x080072f0                USBD_LL_SetSpeed
 .text.USBD_LL_Suspend
                0x08007310       0x38 ./Middlewares/ST/STM32_USB_Device_Library/Core/Src/usbd_core.o
                0x08007310                USBD_LL_Suspend
 .text.USBD_LL_Resume
                0x08007348       0x30 ./Middlewares/ST/STM32_USB_Device_Library/Core/Src/usbd_core.o
                0x08007348                USBD_LL_Resume
 .text.USBD_LL_SOF
                0x08007378       0x40 ./Middlewares/ST/STM32_USB_Device_Library/Core/Src/usbd_core.o
                0x08007378                USBD_LL_SOF
 .text.USBD_LL_IsoINIncomplete
                0x080073b8       0x64 ./Middlewares/ST/STM32_USB_Device_Library/Core/Src/usbd_core.o
                0x080073b8                USBD_LL_IsoINIncomplete
 .text.USBD_LL_IsoOUTIncomplete
                0x0800741c       0x64 ./Middlewares/ST/STM32_USB_Device_Library/Core/Src/usbd_core.o
                0x0800741c                USBD_LL_IsoOUTIncomplete
 .text.USBD_LL_DevConnected
                0x08007480       0x16 ./Middlewares/ST/STM32_USB_Device_Library/Core/Src/usbd_core.o
                0x08007480                USBD_LL_DevConnected
 .text.USBD_LL_DevDisconnected
                0x08007496       0x46 ./Middlewares/ST/STM32_USB_Device_Library/Core/Src/usbd_core.o
                0x08007496                USBD_LL_DevDisconnected
 .text.USBD_CoreFindIF
                0x080074dc       0x1a ./Middlewares/ST/STM32_USB_Device_Library/Core/Src/usbd_core.o
                0x080074dc                USBD_CoreFindIF
 .text.USBD_CoreFindEP
                0x080074f6       0x1a ./Middlewares/ST/STM32_USB_Device_Library/Core/Src/usbd_core.o
                0x080074f6                USBD_CoreFindEP
 .text.USBD_GetEpDesc
                0x08007510       0x70 ./Middlewares/ST/STM32_USB_Device_Library/Core/Src/usbd_core.o
                0x08007510                USBD_GetEpDesc
 .text.USBD_GetNextDesc
                0x08007580       0x38 ./Middlewares/ST/STM32_USB_Device_Library/Core/Src/usbd_core.o
                0x08007580                USBD_GetNextDesc
 .text.SWAPBYTE
                0x080075b8       0x3e ./Middlewares/ST/STM32_USB_Device_Library/Core/Src/usbd_ctlreq.o
 *fill*         0x080075f6        0x2 
 .text.USBD_StdDevReq
                0x080075f8       0xe4 ./Middlewares/ST/STM32_USB_Device_Library/Core/Src/usbd_ctlreq.o
                0x080075f8                USBD_StdDevReq
 .text.USBD_StdItfReq
                0x080076dc       0xd8 ./Middlewares/ST/STM32_USB_Device_Library/Core/Src/usbd_ctlreq.o
                0x080076dc                USBD_StdItfReq
 .text.USBD_StdEPReq
                0x080077b4      0x33e ./Middlewares/ST/STM32_USB_Device_Library/Core/Src/usbd_ctlreq.o
                0x080077b4                USBD_StdEPReq
 *fill*         0x08007af2        0x2 
 .text.USBD_GetDescriptor
                0x08007af4      0x2d4 ./Middlewares/ST/STM32_USB_Device_Library/Core/Src/usbd_ctlreq.o
 .text.USBD_SetAddress
                0x08007dc8       0x88 ./Middlewares/ST/STM32_USB_Device_Library/Core/Src/usbd_ctlreq.o
 .text.USBD_SetConfig
                0x08007e50      0x154 ./Middlewares/ST/STM32_USB_Device_Library/Core/Src/usbd_ctlreq.o
 .text.USBD_GetConfig
                0x08007fa4       0x6c ./Middlewares/ST/STM32_USB_Device_Library/Core/Src/usbd_ctlreq.o
 .text.USBD_GetStatus
                0x08008010       0x68 ./Middlewares/ST/STM32_USB_Device_Library/Core/Src/usbd_ctlreq.o
 .text.USBD_SetFeature
                0x08008078       0x52 ./Middlewares/ST/STM32_USB_Device_Library/Core/Src/usbd_ctlreq.o
 .text.USBD_ClrFeature
                0x080080ca       0x44 ./Middlewares/ST/STM32_USB_Device_Library/Core/Src/usbd_ctlreq.o
 .text.USBD_ParseSetupRequest
                0x0800810e       0x74 ./Middlewares/ST/STM32_USB_Device_Library/Core/Src/usbd_ctlreq.o
                0x0800810e                USBD_ParseSetupRequest
 .text.USBD_CtlError
                0x08008182       0x22 ./Middlewares/ST/STM32_USB_Device_Library/Core/Src/usbd_ctlreq.o
                0x08008182                USBD_CtlError
 .text.USBD_GetString
                0x080081a4       0xa4 ./Middlewares/ST/STM32_USB_Device_Library/Core/Src/usbd_ctlreq.o
                0x080081a4                USBD_GetString
 .text.USBD_GetLen
                0x08008248       0x34 ./Middlewares/ST/STM32_USB_Device_Library/Core/Src/usbd_ctlreq.o
 .text.USBD_CtlSendData
                0x0800827c       0x3c ./Middlewares/ST/STM32_USB_Device_Library/Core/Src/usbd_ioreq.o
                0x0800827c                USBD_CtlSendData
 .text.USBD_CtlContinueSendData
                0x080082b8       0x22 ./Middlewares/ST/STM32_USB_Device_Library/Core/Src/usbd_ioreq.o
                0x080082b8                USBD_CtlContinueSendData
 .text.USBD_CtlPrepareRx
                0x080082da       0x42 ./Middlewares/ST/STM32_USB_Device_Library/Core/Src/usbd_ioreq.o
                0x080082da                USBD_CtlPrepareRx
 .text.USBD_CtlContinueRx
                0x0800831c       0x22 ./Middlewares/ST/STM32_USB_Device_Library/Core/Src/usbd_ioreq.o
                0x0800831c                USBD_CtlContinueRx
 .text.USBD_CtlSendStatus
                0x0800833e       0x26 ./Middlewares/ST/STM32_USB_Device_Library/Core/Src/usbd_ioreq.o
                0x0800833e                USBD_CtlSendStatus
 .text.USBD_CtlReceiveStatus
                0x08008364       0x26 ./Middlewares/ST/STM32_USB_Device_Library/Core/Src/usbd_ioreq.o
                0x08008364                USBD_CtlReceiveStatus
 *fill*         0x0800838a        0x2 
 .text.MX_USB_DEVICE_Init
                0x0800838c       0x60 ./USB_DEVICE/App/usb_device.o
                0x0800838c                MX_USB_DEVICE_Init
 .text.CUSTOM_HID_Init_FS
                0x080083ec       0x10 ./USB_DEVICE/App/usbd_custom_hid_if.o
 .text.CUSTOM_HID_DeInit_FS
                0x080083fc       0x10 ./USB_DEVICE/App/usbd_custom_hid_if.o
 .text.CUSTOM_HID_OutEvent_FS
                0x0800840c       0x30 ./USB_DEVICE/App/usbd_custom_hid_if.o
 .text.USBD_FS_DeviceDescriptor
                0x0800843c       0x24 ./USB_DEVICE/App/usbd_desc.o
                0x0800843c                USBD_FS_DeviceDescriptor
 .text.USBD_FS_LangIDStrDescriptor
                0x08008460       0x24 ./USB_DEVICE/App/usbd_desc.o
                0x08008460                USBD_FS_LangIDStrDescriptor
 .text.USBD_FS_ProductStrDescriptor
                0x08008484       0x3c ./USB_DEVICE/App/usbd_desc.o
                0x08008484                USBD_FS_ProductStrDescriptor
 .text.USBD_FS_ManufacturerStrDescriptor
                0x080084c0       0x28 ./USB_DEVICE/App/usbd_desc.o
                0x080084c0                USBD_FS_ManufacturerStrDescriptor
 .text.USBD_FS_SerialStrDescriptor
                0x080084e8       0x24 ./USB_DEVICE/App/usbd_desc.o
                0x080084e8                USBD_FS_SerialStrDescriptor
 .text.USBD_FS_ConfigStrDescriptor
                0x0800850c       0x3c ./USB_DEVICE/App/usbd_desc.o
                0x0800850c                USBD_FS_ConfigStrDescriptor
 .text.USBD_FS_InterfaceStrDescriptor
                0x08008548       0x3c ./USB_DEVICE/App/usbd_desc.o
                0x08008548                USBD_FS_InterfaceStrDescriptor
 .text.Get_SerialNum
                0x08008584       0x58 ./USB_DEVICE/App/usbd_desc.o
 .text.IntToUnicode
                0x080085dc       0x7e ./USB_DEVICE/App/usbd_desc.o
 *fill*         0x0800865a        0x2 
 .text.HAL_PCD_MspInit
                0x0800865c       0xa8 ./USB_DEVICE/Target/usbd_conf.o
                0x0800865c                HAL_PCD_MspInit
 .text.HAL_PCD_SetupStageCallback
                0x08008704       0x24 ./USB_DEVICE/Target/usbd_conf.o
                0x08008704                HAL_PCD_SetupStageCallback
 .text.HAL_PCD_DataOutStageCallback
                0x08008728       0x36 ./USB_DEVICE/Target/usbd_conf.o
                0x08008728                HAL_PCD_DataOutStageCallback
 .text.HAL_PCD_DataInStageCallback
                0x0800875e       0x34 ./USB_DEVICE/Target/usbd_conf.o
                0x0800875e                HAL_PCD_DataInStageCallback
 .text.HAL_PCD_SOFCallback
                0x08008792       0x1c ./USB_DEVICE/Target/usbd_conf.o
                0x08008792                HAL_PCD_SOFCallback
 .text.HAL_PCD_ResetCallback
                0x080087ae       0x3c ./USB_DEVICE/Target/usbd_conf.o
                0x080087ae                HAL_PCD_ResetCallback
 *fill*         0x080087ea        0x2 
 .text.HAL_PCD_SuspendCallback
                0x080087ec       0x4c ./USB_DEVICE/Target/usbd_conf.o
                0x080087ec                HAL_PCD_SuspendCallback
 .text.HAL_PCD_ResumeCallback
                0x08008838       0x1c ./USB_DEVICE/Target/usbd_conf.o
                0x08008838                HAL_PCD_ResumeCallback
 .text.HAL_PCD_ISOOUTIncompleteCallback
                0x08008854       0x24 ./USB_DEVICE/Target/usbd_conf.o
                0x08008854                HAL_PCD_ISOOUTIncompleteCallback
 .text.HAL_PCD_ISOINIncompleteCallback
                0x08008878       0x24 ./USB_DEVICE/Target/usbd_conf.o
                0x08008878                HAL_PCD_ISOINIncompleteCallback
 .text.HAL_PCD_ConnectCallback
                0x0800889c       0x1c ./USB_DEVICE/Target/usbd_conf.o
                0x0800889c                HAL_PCD_ConnectCallback
 .text.HAL_PCD_DisconnectCallback
                0x080088b8       0x1c ./USB_DEVICE/Target/usbd_conf.o
                0x080088b8                HAL_PCD_DisconnectCallback
 .text.USBD_LL_Init
                0x080088d4       0x98 ./USB_DEVICE/Target/usbd_conf.o
                0x080088d4                USBD_LL_Init
 .text.USBD_LL_Start
                0x0800896c       0x36 ./USB_DEVICE/Target/usbd_conf.o
                0x0800896c                USBD_LL_Start
 .text.USBD_LL_OpenEP
                0x080089a2       0x4c ./USB_DEVICE/Target/usbd_conf.o
                0x080089a2                USBD_LL_OpenEP
 .text.USBD_LL_CloseEP
                0x080089ee       0x3e ./USB_DEVICE/Target/usbd_conf.o
                0x080089ee                USBD_LL_CloseEP
 .text.USBD_LL_StallEP
                0x08008a2c       0x3e ./USB_DEVICE/Target/usbd_conf.o
                0x08008a2c                USBD_LL_StallEP
 .text.USBD_LL_ClearStallEP
                0x08008a6a       0x3e ./USB_DEVICE/Target/usbd_conf.o
                0x08008a6a                USBD_LL_ClearStallEP
 .text.USBD_LL_IsStallEP
                0x08008aa8       0x58 ./USB_DEVICE/Target/usbd_conf.o
                0x08008aa8                USBD_LL_IsStallEP
 .text.USBD_LL_SetUSBAddress
                0x08008b00       0x3e ./USB_DEVICE/Target/usbd_conf.o
                0x08008b00                USBD_LL_SetUSBAddress
 .text.USBD_LL_Transmit
                0x08008b3e       0x42 ./USB_DEVICE/Target/usbd_conf.o
                0x08008b3e                USBD_LL_Transmit
 .text.USBD_LL_PrepareReceive
                0x08008b80       0x42 ./USB_DEVICE/Target/usbd_conf.o
                0x08008b80                USBD_LL_PrepareReceive
 *fill*         0x08008bc2        0x2 
 .text.USBD_static_malloc
                0x08008bc4       0x1c ./USB_DEVICE/Target/usbd_conf.o
                0x08008bc4                USBD_static_malloc
 .text.USBD_static_free
                0x08008be0       0x14 ./USB_DEVICE/Target/usbd_conf.o
                0x08008be0                USBD_static_free
 .text.USBD_Get_USB_Status
                0x08008bf4       0x58 ./USB_DEVICE/Target/usbd_conf.o
                0x08008bf4                USBD_Get_USB_Status
 .text.memset   0x08008c4c       0x10 C:/ST/STM32CubeIDE_1.19.0/STM32CubeIDE/plugins/com.st.stm32cube.ide.mcu.externaltools.gnu-tools-for-stm32.13.3.rel1.win32_1.0.0.202411081344/tools/bin/../lib/gcc/arm-none-eabi/13.3.1/../../../../arm-none-eabi/lib/thumb/v7e-m+fp/hard\libc_nano.a(libc_a-memset.o)
                0x08008c4c                memset
 .text.__libc_init_array
                0x08008c5c       0x48 C:/ST/STM32CubeIDE_1.19.0/STM32CubeIDE/plugins/com.st.stm32cube.ide.mcu.externaltools.gnu-tools-for-stm32.13.3.rel1.win32_1.0.0.202411081344/tools/bin/../lib/gcc/arm-none-eabi/13.3.1/../../../../arm-none-eabi/lib/thumb/v7e-m+fp/hard\libc_nano.a(libc_a-init.o)
                0x08008c5c                __libc_init_array
 *(.glue_7)
 .glue_7        0x08008ca4        0x0 linker stubs
 *(.glue_7t)
 .glue_7t       0x08008ca4        0x0 linker stubs
 *(.eh_frame)
 .eh_frame      0x08008ca4        0x0 C:/ST/STM32CubeIDE_1.19.0/STM32CubeIDE/plugins/com.st.stm32cube.ide.mcu.externaltools.gnu-tools-for-stm32.13.3.rel1.win32_1.0.0.202411081344/tools/bin/../lib/gcc/arm-none-eabi/13.3.1/thumb/v7e-m+fp/hard/crtbegin.o
 *(.init)
 .init          0x08008ca4        0x4 C:/ST/STM32CubeIDE_1.19.0/STM32CubeIDE/plugins/com.st.stm32cube.ide.mcu.externaltools.gnu-tools-for-stm32.13.3.rel1.win32_1.0.0.202411081344/tools/bin/../lib/gcc/arm-none-eabi/13.3.1/thumb/v7e-m+fp/hard/crti.o
                0x08008ca4                _init
 .init          0x08008ca8        0x8 C:/ST/STM32CubeIDE_1.19.0/STM32CubeIDE/plugins/com.st.stm32cube.ide.mcu.externaltools.gnu-tools-for-stm32.13.3.rel1.win32_1.0.0.202411081344/tools/bin/../lib/gcc/arm-none-eabi/13.3.1/thumb/v7e-m+fp/hard/crtn.o
 *(.fini)
 .fini          0x08008cb0        0x4 C:/ST/STM32CubeIDE_1.19.0/STM32CubeIDE/plugins/com.st.stm32cube.ide.mcu.externaltools.gnu-tools-for-stm32.13.3.rel1.win32_1.0.0.202411081344/tools/bin/../lib/gcc/arm-none-eabi/13.3.1/thumb/v7e-m+fp/hard/crti.o
                0x08008cb0                _fini
 .fini          0x08008cb4        0x8 C:/ST/STM32CubeIDE_1.19.0/STM32CubeIDE/plugins/com.st.stm32cube.ide.mcu.externaltools.gnu-tools-for-stm32.13.3.rel1.win32_1.0.0.202411081344/tools/bin/../lib/gcc/arm-none-eabi/13.3.1/thumb/v7e-m+fp/hard/crtn.o
                0x08008cbc                        . = ALIGN (0x4)
                0x08008cbc                        _etext = .

.vfp11_veneer   0x08008cbc        0x0
 .vfp11_veneer  0x08008cbc        0x0 linker stubs

.v4_bx          0x08008cbc        0x0
 .v4_bx         0x08008cbc        0x0 linker stubs

.iplt           0x08008cbc        0x0
 .iplt          0x08008cbc        0x0 C:/ST/STM32CubeIDE_1.19.0/STM32CubeIDE/plugins/com.st.stm32cube.ide.mcu.externaltools.gnu-tools-for-stm32.13.3.rel1.win32_1.0.0.202411081344/tools/bin/../lib/gcc/arm-none-eabi/13.3.1/thumb/v7e-m+fp/hard/crtbegin.o

.rodata         0x08008cbc       0x70
                0x08008cbc                        . = ALIGN (0x4)
 *(.rodata)
 .rodata        0x08008cbc       0x55 ./USB_DEVICE/App/usbd_desc.o
 *(.rodata*)
 *fill*         0x08008d11        0x3 
 .rodata.AHBPrescTable
                0x08008d14       0x10 ./Core/Src/system_stm32f4xx.o
                0x08008d14                AHBPrescTable
 .rodata.flagBitshiftOffset.0
                0x08008d24        0x8 ./Drivers/STM32F4xx_HAL_Driver/Src/stm32f4xx_hal_dma.o
                0x08008d2c                        . = ALIGN (0x4)

.ARM.extab      0x08008d2c        0x0
                0x08008d2c                        . = ALIGN (0x4)
 *(.ARM.extab* .gnu.linkonce.armextab.*)
                0x08008d2c                        . = ALIGN (0x4)

.ARM            0x08008d2c        0x8
                0x08008d2c                        . = ALIGN (0x4)
                0x08008d2c                        __exidx_start = .
 *(.ARM.exidx*)
 .ARM.exidx     0x08008d2c        0x8 C:/ST/STM32CubeIDE_1.19.0/STM32CubeIDE/plugins/com.st.stm32cube.ide.mcu.externaltools.gnu-tools-for-stm32.13.3.rel1.win32_1.0.0.202411081344/tools/bin/../lib/gcc/arm-none-eabi/13.3.1/thumb/v7e-m+fp/hard\libgcc.a(_udivmoddi4.o)
                0x08008d34                        __exidx_end = .
                0x08008d34                        . = ALIGN (0x4)

.preinit_array  0x08008d34        0x0
                0x08008d34                        . = ALIGN (0x4)
                0x08008d34                        PROVIDE (__preinit_array_start = .)
 *(.preinit_array*)
                0x08008d34                        PROVIDE (__preinit_array_end = .)
                0x08008d34                        . = ALIGN (0x4)

.init_array     0x08008d34        0x4
                0x08008d34                        . = ALIGN (0x4)
                0x08008d34                        PROVIDE (__init_array_start = .)
 *(SORT_BY_NAME(.init_array.*))
 *(.init_array*)
 .init_array    0x08008d34        0x4 C:/ST/STM32CubeIDE_1.19.0/STM32CubeIDE/plugins/com.st.stm32cube.ide.mcu.externaltools.gnu-tools-for-stm32.13.3.rel1.win32_1.0.0.202411081344/tools/bin/../lib/gcc/arm-none-eabi/13.3.1/thumb/v7e-m+fp/hard/crtbegin.o
                0x08008d38                        PROVIDE (__init_array_end = .)
                0x08008d38                        . = ALIGN (0x4)

.fini_array     0x08008d38        0x4
                0x08008d38                        . = ALIGN (0x4)
                [!provide]                        PROVIDE (__fini_array_start = .)
 *(SORT_BY_NAME(.fini_array.*))
 *(.fini_array*)
 .fini_array    0x08008d38        0x4 C:/ST/STM32CubeIDE_1.19.0/STM32CubeIDE/plugins/com.st.stm32cube.ide.mcu.externaltools.gnu-tools-for-stm32.13.3.rel1.win32_1.0.0.202411081344/tools/bin/../lib/gcc/arm-none-eabi/13.3.1/thumb/v7e-m+fp/hard/crtbegin.o
                [!provide]                        PROVIDE (__fini_array_end = .)
                0x08008d3c                        . = ALIGN (0x4)
                0x08008d3c                        _sidata = LOADADDR (.data)

.rel.dyn        0x08008d3c        0x0
 .rel.iplt      0x08008d3c        0x0 C:/ST/STM32CubeIDE_1.19.0/STM32CubeIDE/plugins/com.st.stm32cube.ide.mcu.externaltools.gnu-tools-for-stm32.13.3.rel1.win32_1.0.0.202411081344/tools/bin/../lib/gcc/arm-none-eabi/13.3.1/thumb/v7e-m+fp/hard/crtbegin.o

.data           0x20000000      0x140 load address 0x08008d3c
                0x20000000                        . = ALIGN (0x4)
                0x20000000                        _sdata = .
 *(.data)
 *(.data*)
 .data.Buttons_struct
                0x20000000       0x20 ./Core/Src/main.o
                0x20000000                Buttons_struct
 .data.SystemCoreClock
                0x20000020        0x4 ./Core/Src/system_stm32f4xx.o
                0x20000020                SystemCoreClock
 .data.uwTickPrio
                0x20000024        0x4 ./Drivers/STM32F4xx_HAL_Driver/Src/stm32f4xx_hal.o
                0x20000024                uwTickPrio
 .data.uwTickFreq
                0x20000028        0x1 ./Drivers/STM32F4xx_HAL_Driver/Src/stm32f4xx_hal.o
                0x20000028                uwTickFreq
 *fill*         0x20000029        0x3 
 .data.USBD_CUSTOM_HID
                0x2000002c       0x38 ./Middlewares/ST/STM32_USB_Device_Library/Class/CustomHID/Src/usbd_customhid.o
                0x2000002c                USBD_CUSTOM_HID
 .data.USBD_CUSTOM_HID_CfgDesc
                0x20000064       0x29 ./Middlewares/ST/STM32_USB_Device_Library/Class/CustomHID/Src/usbd_customhid.o
 *fill*         0x2000008d        0x3 
 .data.USBD_CUSTOM_HID_Desc
                0x20000090        0x9 ./Middlewares/ST/STM32_USB_Device_Library/Class/CustomHID/Src/usbd_customhid.o
 *fill*         0x20000099        0x3 
 .data.USBD_CUSTOM_HID_DeviceQualifierDesc
                0x2000009c        0xa ./Middlewares/ST/STM32_USB_Device_Library/Class/CustomHID/Src/usbd_customhid.o
 .data.CUSTOMHIDInEpAdd
                0x200000a6        0x1 ./Middlewares/ST/STM32_USB_Device_Library/Class/CustomHID/Src/usbd_customhid.o
 .data.CUSTOMHIDOutEpAdd
                0x200000a7        0x1 ./Middlewares/ST/STM32_USB_Device_Library/Class/CustomHID/Src/usbd_customhid.o
 .data.CUSTOM_HID_ReportDesc_FS
                0x200000a8       0x37 ./USB_DEVICE/App/usbd_custom_hid_if.o
 *fill*         0x200000df        0x1 
 .data.USBD_CustomHID_fops_FS
                0x200000e0       0x10 ./USB_DEVICE/App/usbd_custom_hid_if.o
                0x200000e0                USBD_CustomHID_fops_FS
 .data.FS_Desc  0x200000f0       0x1c ./USB_DEVICE/App/usbd_desc.o
                0x200000f0                FS_Desc
 .data.USBD_FS_DeviceDesc
                0x2000010c       0x12 ./USB_DEVICE/App/usbd_desc.o
                0x2000010c                USBD_FS_DeviceDesc
 *fill*         0x2000011e        0x2 
 .data.USBD_LangIDDesc
                0x20000120        0x4 ./USB_DEVICE/App/usbd_desc.o
                0x20000120                USBD_LangIDDesc
 .data.USBD_StringSerial
                0x20000124       0x1a ./USB_DEVICE/App/usbd_desc.o
                0x20000124                USBD_StringSerial
 *(.RamFunc)
 *(.RamFunc*)
                0x20000140                        . = ALIGN (0x4)
 *fill*         0x2000013e        0x2 
                0x20000140                        _edata = .

.igot.plt       0x20000140        0x0 load address 0x08008e7c
 .igot.plt      0x20000140        0x0 C:/ST/STM32CubeIDE_1.19.0/STM32CubeIDE/plugins/com.st.stm32cube.ide.mcu.externaltools.gnu-tools-for-stm32.13.3.rel1.win32_1.0.0.202411081344/tools/bin/../lib/gcc/arm-none-eabi/13.3.1/thumb/v7e-m+fp/hard/crtbegin.o
                0x20000140                        . = ALIGN (0x4)

.bss            0x20000140      0xb9c load address 0x08008e7c
                0x20000140                        _sbss = .
                0x20000140                        __bss_start__ = _sbss
 *(.bss)
 .bss           0x20000140       0x1c C:/ST/STM32CubeIDE_1.19.0/STM32CubeIDE/plugins/com.st.stm32cube.ide.mcu.externaltools.gnu-tools-for-stm32.13.3.rel1.win32_1.0.0.202411081344/tools/bin/../lib/gcc/arm-none-eabi/13.3.1/thumb/v7e-m+fp/hard/crtbegin.o
 *(.bss*)
 .bss.hadc1     0x2000015c       0x48 ./Core/Src/main.o
                0x2000015c                hadc1
 .bss.hdma_adc1
                0x200001a4       0x60 ./Core/Src/main.o
                0x200001a4                hdma_adc1
 .bss.htim2     0x20000204       0x48 ./Core/Src/main.o
                0x20000204                htim2
 .bss.htim3     0x2000024c       0x48 ./Core/Src/main.o
                0x2000024c                htim3
 .bss.htim10    0x20000294       0x48 ./Core/Src/main.o
                0x20000294                htim10
 .bss.adc_buff  0x200002dc        0x8 ./Core/Src/main.o
                0x200002dc                adc_buff
 .bss.Joystick_struct
                0x200002e4        0x9 ./Core/Src/main.o
                0x200002e4                Joystick_struct
 *fill*         0x200002ed        0x3 
 .bss.counter   0x200002f0        0x4 ./Core/Src/main.o
                0x200002f0                counter
 .bss.count     0x200002f4        0x2 ./Core/Src/main.o
                0x200002f4                count
 .bss.position  0x200002f6        0x2 ./Core/Src/main.o
                0x200002f6                position
 .bss.uwTick    0x200002f8        0x4 ./Drivers/STM32F4xx_HAL_Driver/Src/stm32f4xx_hal.o
                0x200002f8                uwTick
 .bss.cfgidx.0  0x200002fc        0x1 ./Middlewares/ST/STM32_USB_Device_Library/Core/Src/usbd_ctlreq.o
 *fill*         0x200002fd        0x3 
 .bss.hUsbDeviceFS
                0x20000300      0x2dc ./USB_DEVICE/App/usb_device.o
                0x20000300                hUsbDeviceFS
 .bss.USBD_StrDesc
                0x200005dc      0x200 ./USB_DEVICE/App/usbd_desc.o
                0x200005dc                USBD_StrDesc
 .bss.hpcd_USB_OTG_FS
                0x200007dc      0x4e4 ./USB_DEVICE/Target/usbd_conf.o
                0x200007dc                hpcd_USB_OTG_FS
 .bss.mem.0     0x20000cc0       0x1c ./USB_DEVICE/Target/usbd_conf.o
 *(COMMON)
                0x20000cdc                        . = ALIGN (0x4)
                0x20000cdc                        _ebss = .
                0x20000cdc                        __bss_end__ = _ebss

._user_heap_stack
                0x20000cdc      0x604 load address 0x08008e7c
                0x20000ce0                        . = ALIGN (0x8)
 *fill*         0x20000cdc        0x4 
                [!provide]                        PROVIDE (end = .)
                0x20000ce0                        PROVIDE (_end = .)
                0x20000ee0                        . = (. + _Min_Heap_Size)
 *fill*         0x20000ce0      0x200 
                0x200012e0                        . = (. + _Min_Stack_Size)
 *fill*         0x20000ee0      0x400 
                0x200012e0                        . = ALIGN (0x8)

/DISCARD/
 libc.a(*)
 libm.a(*)
 libgcc.a(*)

.ARM.attributes
                0x00000000       0x30
 *(.ARM.attributes)
 .ARM.attributes
                0x00000000       0x22 C:/ST/STM32CubeIDE_1.19.0/STM32CubeIDE/plugins/com.st.stm32cube.ide.mcu.externaltools.gnu-tools-for-stm32.13.3.rel1.win32_1.0.0.202411081344/tools/bin/../lib/gcc/arm-none-eabi/13.3.1/thumb/v7e-m+fp/hard/crti.o
 .ARM.attributes
                0x00000022       0x34 C:/ST/STM32CubeIDE_1.19.0/STM32CubeIDE/plugins/com.st.stm32cube.ide.mcu.externaltools.gnu-tools-for-stm32.13.3.rel1.win32_1.0.0.202411081344/tools/bin/../lib/gcc/arm-none-eabi/13.3.1/thumb/v7e-m+fp/hard/crtbegin.o
 .ARM.attributes
                0x00000056       0x34 ./Core/Src/main.o
 .ARM.attributes
                0x0000008a       0x34 ./Core/Src/stm32f4xx_hal_msp.o
 .ARM.attributes
                0x000000be       0x34 ./Core/Src/stm32f4xx_it.o
 .ARM.attributes
                0x000000f2       0x34 ./Core/Src/system_stm32f4xx.o
 .ARM.attributes
                0x00000126       0x21 ./Core/Startup/startup_stm32f411ceux.o
 .ARM.attributes
                0x00000147       0x34 ./Drivers/STM32F4xx_HAL_Driver/Src/stm32f4xx_hal.o
 .ARM.attributes
                0x0000017b       0x34 ./Drivers/STM32F4xx_HAL_Driver/Src/stm32f4xx_hal_adc.o
 .ARM.attributes
                0x000001af       0x34 ./Drivers/STM32F4xx_HAL_Driver/Src/stm32f4xx_hal_adc_ex.o
 .ARM.attributes
                0x000001e3       0x34 ./Drivers/STM32F4xx_HAL_Driver/Src/stm32f4xx_hal_cortex.o
 .ARM.attributes
                0x00000217       0x34 ./Drivers/STM32F4xx_HAL_Driver/Src/stm32f4xx_hal_dma.o
 .ARM.attributes
                0x0000024b       0x34 ./Drivers/STM32F4xx_HAL_Driver/Src/stm32f4xx_hal_gpio.o
 .ARM.attributes
                0x0000027f       0x34 ./Drivers/STM32F4xx_HAL_Driver/Src/stm32f4xx_hal_pcd.o
 .ARM.attributes
                0x000002b3       0x34 ./Drivers/STM32F4xx_HAL_Driver/Src/stm32f4xx_hal_pcd_ex.o
 .ARM.attributes
                0x000002e7       0x34 ./Drivers/STM32F4xx_HAL_Driver/Src/stm32f4xx_hal_rcc.o
 .ARM.attributes
                0x0000031b       0x34 ./Drivers/STM32F4xx_HAL_Driver/Src/stm32f4xx_hal_tim.o
 .ARM.attributes
                0x0000034f       0x34 ./Drivers/STM32F4xx_HAL_Driver/Src/stm32f4xx_hal_tim_ex.o
 .ARM.attributes
                0x00000383       0x34 ./Drivers/STM32F4xx_HAL_Driver/Src/stm32f4xx_ll_usb.o
 .ARM.attributes
                0x000003b7       0x34 ./Middlewares/ST/STM32_USB_Device_Library/Class/CustomHID/Src/usbd_customhid.o
 .ARM.attributes
                0x000003eb       0x34 ./Middlewares/ST/STM32_USB_Device_Library/Core/Src/usbd_core.o
 .ARM.attributes
                0x0000041f       0x34 ./Middlewares/ST/STM32_USB_Device_Library/Core/Src/usbd_ctlreq.o
 .ARM.attributes
                0x00000453       0x34 ./Middlewares/ST/STM32_USB_Device_Library/Core/Src/usbd_ioreq.o
 .ARM.attributes
                0x00000487       0x34 ./USB_DEVICE/App/usb_device.o
 .ARM.attributes
                0x000004bb       0x34 ./USB_DEVICE/App/usbd_custom_hid_if.o
 .ARM.attributes
                0x000004ef       0x34 ./USB_DEVICE/App/usbd_desc.o
 .ARM.attributes
                0x00000523       0x34 ./USB_DEVICE/Target/usbd_conf.o
 .ARM.attributes
                0x00000557       0x34 C:/ST/STM32CubeIDE_1.19.0/STM32CubeIDE/plugins/com.st.stm32cube.ide.mcu.externaltools.gnu-tools-for-stm32.13.3.rel1.win32_1.0.0.202411081344/tools/bin/../lib/gcc/arm-none-eabi/13.3.1/../../../../arm-none-eabi/lib/thumb/v7e-m+fp/hard\libc_nano.a(libc_a-memset.o)
 .ARM.attributes
                0x0000058b       0x34 C:/ST/STM32CubeIDE_1.19.0/STM32CubeIDE/plugins/com.st.stm32cube.ide.mcu.externaltools.gnu-tools-for-stm32.13.3.rel1.win32_1.0.0.202411081344/tools/bin/../lib/gcc/arm-none-eabi/13.3.1/../../../../arm-none-eabi/lib/thumb/v7e-m+fp/hard\libc_nano.a(libc_a-init.o)
 .ARM.attributes
                0x000005bf       0x22 C:/ST/STM32CubeIDE_1.19.0/STM32CubeIDE/plugins/com.st.stm32cube.ide.mcu.externaltools.gnu-tools-for-stm32.13.3.rel1.win32_1.0.0.202411081344/tools/bin/../lib/gcc/arm-none-eabi/13.3.1/thumb/v7e-m+fp/hard\libgcc.a(_aeabi_uldivmod.o)
 .ARM.attributes
                0x000005e1       0x34 C:/ST/STM32CubeIDE_1.19.0/STM32CubeIDE/plugins/com.st.stm32cube.ide.mcu.externaltools.gnu-tools-for-stm32.13.3.rel1.win32_1.0.0.202411081344/tools/bin/../lib/gcc/arm-none-eabi/13.3.1/thumb/v7e-m+fp/hard\libgcc.a(_udivmoddi4.o)
 .ARM.attributes
                0x00000615       0x22 C:/ST/STM32CubeIDE_1.19.0/STM32CubeIDE/plugins/com.st.stm32cube.ide.mcu.externaltools.gnu-tools-for-stm32.13.3.rel1.win32_1.0.0.202411081344/tools/bin/../lib/gcc/arm-none-eabi/13.3.1/thumb/v7e-m+fp/hard\libgcc.a(_dvmd_tls.o)
 .ARM.attributes
                0x00000637       0x22 C:/ST/STM32CubeIDE_1.19.0/STM32CubeIDE/plugins/com.st.stm32cube.ide.mcu.externaltools.gnu-tools-for-stm32.13.3.rel1.win32_1.0.0.202411081344/tools/bin/../lib/gcc/arm-none-eabi/13.3.1/thumb/v7e-m+fp/hard/crtn.o
OUTPUT(JESICA_JOYSTICK.elf elf32-littlearm)
LOAD linker stubs
LOAD C:/ST/STM32CubeIDE_1.19.0/STM32CubeIDE/plugins/com.st.stm32cube.ide.mcu.externaltools.gnu-tools-for-stm32.13.3.rel1.win32_1.0.0.202411081344/tools/bin/../lib/gcc/arm-none-eabi/13.3.1/../../../../arm-none-eabi/lib/thumb/v7e-m+fp/hard\libc.a
LOAD C:/ST/STM32CubeIDE_1.19.0/STM32CubeIDE/plugins/com.st.stm32cube.ide.mcu.externaltools.gnu-tools-for-stm32.13.3.rel1.win32_1.0.0.202411081344/tools/bin/../lib/gcc/arm-none-eabi/13.3.1/../../../../arm-none-eabi/lib/thumb/v7e-m+fp/hard\libm.a
LOAD C:/ST/STM32CubeIDE_1.19.0/STM32CubeIDE/plugins/com.st.stm32cube.ide.mcu.externaltools.gnu-tools-for-stm32.13.3.rel1.win32_1.0.0.202411081344/tools/bin/../lib/gcc/arm-none-eabi/13.3.1/thumb/v7e-m+fp/hard\libgcc.a

.debug_info     0x00000000    0x15599
 .debug_info    0x00000000     0x1b82 ./Core/Src/main.o
 .debug_info    0x00001b82     0x100a ./Core/Src/stm32f4xx_hal_msp.o
 .debug_info    0x00002b8c      0xe9b ./Core/Src/stm32f4xx_it.o
 .debug_info    0x00003a27      0x53e ./Core/Src/system_stm32f4xx.o
 .debug_info    0x00003f65       0x30 ./Core/Startup/startup_stm32f411ceux.o
 .debug_info    0x00003f95      0x8c4 ./Drivers/STM32F4xx_HAL_Driver/Src/stm32f4xx_hal.o
 .debug_info    0x00004859      0xce0 ./Drivers/STM32F4xx_HAL_Driver/Src/stm32f4xx_hal_adc.o
 .debug_info    0x00005539      0xb65 ./Drivers/STM32F4xx_HAL_Driver/Src/stm32f4xx_hal_adc_ex.o
 .debug_info    0x0000609e      0xcfc ./Drivers/STM32F4xx_HAL_Driver/Src/stm32f4xx_hal_cortex.o
 .debug_info    0x00006d9a      0x8e6 ./Drivers/STM32F4xx_HAL_Driver/Src/stm32f4xx_hal_dma.o
 .debug_info    0x00007680      0x6f9 ./Drivers/STM32F4xx_HAL_Driver/Src/stm32f4xx_hal_gpio.o
 .debug_info    0x00007d79     0x1577 ./Drivers/STM32F4xx_HAL_Driver/Src/stm32f4xx_hal_pcd.o
 .debug_info    0x000092f0      0x6ea ./Drivers/STM32F4xx_HAL_Driver/Src/stm32f4xx_hal_pcd_ex.o
 .debug_info    0x000099da      0x904 ./Drivers/STM32F4xx_HAL_Driver/Src/stm32f4xx_hal_rcc.o
 .debug_info    0x0000a2de     0x2996 ./Drivers/STM32F4xx_HAL_Driver/Src/stm32f4xx_hal_tim.o
 .debug_info    0x0000cc74     0x14d4 ./Drivers/STM32F4xx_HAL_Driver/Src/stm32f4xx_hal_tim_ex.o
 .debug_info    0x0000e148     0x1993 ./Drivers/STM32F4xx_HAL_Driver/Src/stm32f4xx_ll_usb.o
 .debug_info    0x0000fadb      0xc60 ./Middlewares/ST/STM32_USB_Device_Library/Class/CustomHID/Src/usbd_customhid.o
 .debug_info    0x0001073b      0xe12 ./Middlewares/ST/STM32_USB_Device_Library/Core/Src/usbd_core.o
 .debug_info    0x0001154d      0xaeb ./Middlewares/ST/STM32_USB_Device_Library/Core/Src/usbd_ctlreq.o
 .debug_info    0x00012038      0x762 ./Middlewares/ST/STM32_USB_Device_Library/Core/Src/usbd_ioreq.o
 .debug_info    0x0001279a      0x6d1 ./USB_DEVICE/App/usb_device.o
 .debug_info    0x00012e6b      0x6c3 ./USB_DEVICE/App/usbd_custom_hid_if.o
 .debug_info    0x0001352e      0x458 ./USB_DEVICE/App/usbd_desc.o
 .debug_info    0x00013986     0x1c13 ./USB_DEVICE/Target/usbd_conf.o

.debug_abbrev   0x00000000     0x374b
 .debug_abbrev  0x00000000      0x34f ./Core/Src/main.o
 .debug_abbrev  0x0000034f      0x244 ./Core/Src/stm32f4xx_hal_msp.o
 .debug_abbrev  0x00000593      0x201 ./Core/Src/stm32f4xx_it.o
 .debug_abbrev  0x00000794      0x11a ./Core/Src/system_stm32f4xx.o
 .debug_abbrev  0x000008ae       0x24 ./Core/Startup/startup_stm32f411ceux.o
 .debug_abbrev  0x000008d2      0x24b ./Drivers/STM32F4xx_HAL_Driver/Src/stm32f4xx_hal.o
 .debug_abbrev  0x00000b1d      0x20e ./Drivers/STM32F4xx_HAL_Driver/Src/stm32f4xx_hal_adc.o
 .debug_abbrev  0x00000d2b      0x22c ./Drivers/STM32F4xx_HAL_Driver/Src/stm32f4xx_hal_adc_ex.o
 .debug_abbrev  0x00000f57      0x31d ./Drivers/STM32F4xx_HAL_Driver/Src/stm32f4xx_hal_cortex.o
 .debug_abbrev  0x00001274      0x221 ./Drivers/STM32F4xx_HAL_Driver/Src/stm32f4xx_hal_dma.o
 .debug_abbrev  0x00001495      0x1d3 ./Drivers/STM32F4xx_HAL_Driver/Src/stm32f4xx_hal_gpio.o
 .debug_abbrev  0x00001668      0x2b6 ./Drivers/STM32F4xx_HAL_Driver/Src/stm32f4xx_hal_pcd.o
 .debug_abbrev  0x0000191e      0x1da ./Drivers/STM32F4xx_HAL_Driver/Src/stm32f4xx_hal_pcd_ex.o
 .debug_abbrev  0x00001af8      0x2b6 ./Drivers/STM32F4xx_HAL_Driver/Src/stm32f4xx_hal_rcc.o
 .debug_abbrev  0x00001dae      0x28b ./Drivers/STM32F4xx_HAL_Driver/Src/stm32f4xx_hal_tim.o
 .debug_abbrev  0x00002039      0x296 ./Drivers/STM32F4xx_HAL_Driver/Src/stm32f4xx_hal_tim_ex.o
 .debug_abbrev  0x000022cf      0x2b3 ./Drivers/STM32F4xx_HAL_Driver/Src/stm32f4xx_ll_usb.o
 .debug_abbrev  0x00002582      0x2d0 ./Middlewares/ST/STM32_USB_Device_Library/Class/CustomHID/Src/usbd_customhid.o
 .debug_abbrev  0x00002852      0x27c ./Middlewares/ST/STM32_USB_Device_Library/Core/Src/usbd_core.o
 .debug_abbrev  0x00002ace      0x26f ./Middlewares/ST/STM32_USB_Device_Library/Core/Src/usbd_ctlreq.o
 .debug_abbrev  0x00002d3d      0x19a ./Middlewares/ST/STM32_USB_Device_Library/Core/Src/usbd_ioreq.o
 .debug_abbrev  0x00002ed7      0x194 ./USB_DEVICE/App/usb_device.o
 .debug_abbrev  0x0000306b      0x1c0 ./USB_DEVICE/App/usbd_custom_hid_if.o
 .debug_abbrev  0x0000322b      0x1e1 ./USB_DEVICE/App/usbd_desc.o
 .debug_abbrev  0x0000340c      0x33f ./USB_DEVICE/Target/usbd_conf.o

.debug_aranges  0x00000000     0x1300
 .debug_aranges
                0x00000000       0x80 ./Core/Src/main.o
 .debug_aranges
                0x00000080       0x50 ./Core/Src/stm32f4xx_hal_msp.o
 .debug_aranges
                0x000000d0       0x88 ./Core/Src/stm32f4xx_it.o
 .debug_aranges
                0x00000158       0x28 ./Core/Src/system_stm32f4xx.o
 .debug_aranges
                0x00000180       0x28 ./Core/Startup/startup_stm32f411ceux.o
 .debug_aranges
                0x000001a8       0xf0 ./Drivers/STM32F4xx_HAL_Driver/Src/stm32f4xx_hal.o
 .debug_aranges
                0x00000298       0xe8 ./Drivers/STM32F4xx_HAL_Driver/Src/stm32f4xx_hal_adc.o
 .debug_aranges
                0x00000380       0x90 ./Drivers/STM32F4xx_HAL_Driver/Src/stm32f4xx_hal_adc_ex.o
 .debug_aranges
                0x00000410      0x130 ./Drivers/STM32F4xx_HAL_Driver/Src/stm32f4xx_hal_cortex.o
 .debug_aranges
                0x00000540       0x90 ./Drivers/STM32F4xx_HAL_Driver/Src/stm32f4xx_hal_dma.o
 .debug_aranges
                0x000005d0       0x58 ./Drivers/STM32F4xx_HAL_Driver/Src/stm32f4xx_hal_gpio.o
 .debug_aranges
                0x00000628      0x148 ./Drivers/STM32F4xx_HAL_Driver/Src/stm32f4xx_hal_pcd.o
 .debug_aranges
                0x00000770       0x38 ./Drivers/STM32F4xx_HAL_Driver/Src/stm32f4xx_hal_pcd_ex.o
 .debug_aranges
                0x000007a8       0x88 ./Drivers/STM32F4xx_HAL_Driver/Src/stm32f4xx_hal_rcc.o
 .debug_aranges
                0x00000830      0x3d0 ./Drivers/STM32F4xx_HAL_Driver/Src/stm32f4xx_hal_tim.o
 .debug_aranges
                0x00000c00      0x168 ./Drivers/STM32F4xx_HAL_Driver/Src/stm32f4xx_hal_tim_ex.o
 .debug_aranges
                0x00000d68      0x1a0 ./Drivers/STM32F4xx_HAL_Driver/Src/stm32f4xx_ll_usb.o
 .debug_aranges
                0x00000f08       0x80 ./Middlewares/ST/STM32_USB_Device_Library/Class/CustomHID/Src/usbd_customhid.o
 .debug_aranges
                0x00000f88       0xd8 ./Middlewares/ST/STM32_USB_Device_Library/Core/Src/usbd_core.o
 .debug_aranges
                0x00001060       0x90 ./Middlewares/ST/STM32_USB_Device_Library/Core/Src/usbd_ctlreq.o
 .debug_aranges
                0x000010f0       0x50 ./Middlewares/ST/STM32_USB_Device_Library/Core/Src/usbd_ioreq.o
 .debug_aranges
                0x00001140       0x20 ./USB_DEVICE/App/usb_device.o
 .debug_aranges
                0x00001160       0x30 ./USB_DEVICE/App/usbd_custom_hid_if.o
 .debug_aranges
                0x00001190       0x60 ./USB_DEVICE/App/usbd_desc.o
 .debug_aranges
                0x000011f0      0x110 ./USB_DEVICE/Target/usbd_conf.o

.debug_rnglists
                0x00000000      0xe81
 .debug_rnglists
                0x00000000       0x62 ./Core/Src/main.o
 .debug_rnglists
                0x00000062       0x39 ./Core/Src/stm32f4xx_hal_msp.o
 .debug_rnglists
                0x0000009b       0x61 ./Core/Src/stm32f4xx_it.o
 .debug_rnglists
                0x000000fc       0x1a ./Core/Src/system_stm32f4xx.o
 .debug_rnglists
                0x00000116       0x19 ./Core/Startup/startup_stm32f411ceux.o
 .debug_rnglists
                0x0000012f       0xaf ./Drivers/STM32F4xx_HAL_Driver/Src/stm32f4xx_hal.o
 .debug_rnglists
                0x000001de       0xb5 ./Drivers/STM32F4xx_HAL_Driver/Src/stm32f4xx_hal_adc.o
 .debug_rnglists
                0x00000293       0x71 ./Drivers/STM32F4xx_HAL_Driver/Src/stm32f4xx_hal_adc_ex.o
 .debug_rnglists
                0x00000304       0xe0 ./Drivers/STM32F4xx_HAL_Driver/Src/stm32f4xx_hal_cortex.o
 .debug_rnglists
                0x000003e4       0x70 ./Drivers/STM32F4xx_HAL_Driver/Src/stm32f4xx_hal_dma.o
 .debug_rnglists
                0x00000454       0x3f ./Drivers/STM32F4xx_HAL_Driver/Src/stm32f4xx_hal_gpio.o
 .debug_rnglists
                0x00000493       0xfa ./Drivers/STM32F4xx_HAL_Driver/Src/stm32f4xx_hal_pcd.o
 .debug_rnglists
                0x0000058d       0x26 ./Drivers/STM32F4xx_HAL_Driver/Src/stm32f4xx_hal_pcd_ex.o
 .debug_rnglists
                0x000005b3       0x66 ./Drivers/STM32F4xx_HAL_Driver/Src/stm32f4xx_hal_rcc.o
 .debug_rnglists
                0x00000619      0x31a ./Drivers/STM32F4xx_HAL_Driver/Src/stm32f4xx_hal_tim.o
 .debug_rnglists
                0x00000933      0x125 ./Drivers/STM32F4xx_HAL_Driver/Src/stm32f4xx_hal_tim_ex.o
 .debug_rnglists
                0x00000a58      0x147 ./Drivers/STM32F4xx_HAL_Driver/Src/stm32f4xx_ll_usb.o
 .debug_rnglists
                0x00000b9f       0x5e ./Middlewares/ST/STM32_USB_Device_Library/Class/CustomHID/Src/usbd_customhid.o
 .debug_rnglists
                0x00000bfd       0xa1 ./Middlewares/ST/STM32_USB_Device_Library/Core/Src/usbd_core.o
 .debug_rnglists
                0x00000c9e       0x6e ./Middlewares/ST/STM32_USB_Device_Library/Core/Src/usbd_ctlreq.o
 .debug_rnglists
                0x00000d0c       0x37 ./Middlewares/ST/STM32_USB_Device_Library/Core/Src/usbd_ioreq.o
 .debug_rnglists
                0x00000d43       0x13 ./USB_DEVICE/App/usb_device.o
 .debug_rnglists
                0x00000d56       0x1f ./USB_DEVICE/App/usbd_custom_hid_if.o
 .debug_rnglists
                0x00000d75       0x43 ./USB_DEVICE/App/usbd_desc.o
 .debug_rnglists
                0x00000db8       0xc9 ./USB_DEVICE/Target/usbd_conf.o

.debug_macro    0x00000000    0x1a54b
 .debug_macro   0x00000000      0x3c4 ./Core/Src/main.o
 .debug_macro   0x000003c4      0xad8 ./Core/Src/main.o
 .debug_macro   0x00000e9c      0x2a1 ./Core/Src/main.o
 .debug_macro   0x0000113d       0x2e ./Core/Src/main.o
 .debug_macro   0x0000116b       0x28 ./Core/Src/main.o
 .debug_macro   0x00001193       0x22 ./Core/Src/main.o
 .debug_macro   0x000011b5       0x8e ./Core/Src/main.o
 .debug_macro   0x00001243       0x51 ./Core/Src/main.o
 .debug_macro   0x00001294      0x103 ./Core/Src/main.o
 .debug_macro   0x00001397       0x6a ./Core/Src/main.o
 .debug_macro   0x00001401      0x1df ./Core/Src/main.o
 .debug_macro   0x000015e0       0x1c ./Core/Src/main.o
 .debug_macro   0x000015fc       0x22 ./Core/Src/main.o
 .debug_macro   0x0000161e       0xfb ./Core/Src/main.o
 .debug_macro   0x00001719     0x1011 ./Core/Src/main.o
 .debug_macro   0x0000272a      0x11f ./Core/Src/main.o
 .debug_macro   0x00002849     0xb968 ./Core/Src/main.o
 .debug_macro   0x0000e1b1       0x6d ./Core/Src/main.o
 .debug_macro   0x0000e21e     0x3693 ./Core/Src/main.o
 .debug_macro   0x000118b1      0x190 ./Core/Src/main.o
 .debug_macro   0x00011a41       0x5c ./Core/Src/main.o
 .debug_macro   0x00011a9d      0x45c ./Core/Src/main.o
 .debug_macro   0x00011ef9      0x9e9 ./Core/Src/main.o
 .debug_macro   0x000128e2      0x115 ./Core/Src/main.o
 .debug_macro   0x000129f7      0x11b ./Core/Src/main.o
 .debug_macro   0x00012b12       0xa5 ./Core/Src/main.o
 .debug_macro   0x00012bb7      0x15f ./Core/Src/main.o
 .debug_macro   0x00012d16      0x287 ./Core/Src/main.o
 .debug_macro   0x00012f9d       0x5f ./Core/Src/main.o
 .debug_macro   0x00012ffc      0x236 ./Core/Src/main.o
 .debug_macro   0x00013232      0x9e1 ./Core/Src/main.o
 .debug_macro   0x00013c13      0x38b ./Core/Src/main.o
 .debug_macro   0x00013f9e      0x17d ./Core/Src/main.o
 .debug_macro   0x0001411b       0xf9 ./Core/Src/main.o
 .debug_macro   0x00014214      0x132 ./Core/Src/main.o
 .debug_macro   0x00014346      0x264 ./Core/Src/main.o
 .debug_macro   0x000145aa       0x2e ./Core/Src/main.o
 .debug_macro   0x000145d8      0x127 ./Core/Src/main.o
 .debug_macro   0x000146ff       0x85 ./Core/Src/main.o
 .debug_macro   0x00014784       0x89 ./Core/Src/main.o
 .debug_macro   0x0001480d      0x8ed ./Core/Src/main.o
 .debug_macro   0x000150fa       0x47 ./Core/Src/main.o
 .debug_macro   0x00015141      0x293 ./Core/Src/main.o
 .debug_macro   0x000153d4       0xba ./Core/Src/main.o
 .debug_macro   0x0001548e      0x126 ./Core/Src/main.o
 .debug_macro   0x000155b4       0x88 ./Core/Src/main.o
 .debug_macro   0x0001563c       0x61 ./Core/Src/main.o
 .debug_macro   0x0001569d       0x2a ./Core/Src/main.o
 .debug_macro   0x000156c7       0x43 ./Core/Src/main.o
 .debug_macro   0x0001570a       0x34 ./Core/Src/main.o
 .debug_macro   0x0001573e       0x16 ./Core/Src/main.o
 .debug_macro   0x00015754       0x3c ./Core/Src/main.o
 .debug_macro   0x00015790      0x370 ./Core/Src/main.o
 .debug_macro   0x00015b00       0x10 ./Core/Src/main.o
 .debug_macro   0x00015b10       0x16 ./Core/Src/main.o
 .debug_macro   0x00015b26       0x4a ./Core/Src/main.o
 .debug_macro   0x00015b70       0x34 ./Core/Src/main.o
 .debug_macro   0x00015ba4       0x10 ./Core/Src/main.o
 .debug_macro   0x00015bb4       0x58 ./Core/Src/main.o
 .debug_macro   0x00015c0c       0x8e ./Core/Src/main.o
 .debug_macro   0x00015c9a       0x1c ./Core/Src/main.o
 .debug_macro   0x00015cb6      0x185 ./Core/Src/main.o
 .debug_macro   0x00015e3b       0x16 ./Core/Src/main.o
 .debug_macro   0x00015e51       0x16 ./Core/Src/main.o
 .debug_macro   0x00015e67      0x146 ./Core/Src/main.o
 .debug_macro   0x00015fad       0x16 ./Core/Src/main.o
 .debug_macro   0x00015fc3       0x16 ./Core/Src/main.o
 .debug_macro   0x00015fd9       0x29 ./Core/Src/main.o
 .debug_macro   0x00016002       0x16 ./Core/Src/main.o
 .debug_macro   0x00016018       0x20 ./Core/Src/main.o
 .debug_macro   0x00016038       0x72 ./Core/Src/main.o
 .debug_macro   0x000160aa      0x20f ./Core/Src/main.o
 .debug_macro   0x000162b9       0x6b ./Core/Src/main.o
 .debug_macro   0x00016324      0x21f ./Core/Src/stm32f4xx_hal_msp.o
 .debug_macro   0x00016543      0x229 ./Core/Src/stm32f4xx_it.o
 .debug_macro   0x0001676c      0x210 ./Core/Src/system_stm32f4xx.o
 .debug_macro   0x0001697c      0x270 ./Drivers/STM32F4xx_HAL_Driver/Src/stm32f4xx_hal.o
 .debug_macro   0x00016bec      0x211 ./Drivers/STM32F4xx_HAL_Driver/Src/stm32f4xx_hal_adc.o
 .debug_macro   0x00016dfd      0x210 ./Drivers/STM32F4xx_HAL_Driver/Src/stm32f4xx_hal_adc_ex.o
 .debug_macro   0x0001700d      0x210 ./Drivers/STM32F4xx_HAL_Driver/Src/stm32f4xx_hal_cortex.o
 .debug_macro   0x0001721d      0x216 ./Drivers/STM32F4xx_HAL_Driver/Src/stm32f4xx_hal_dma.o
 .debug_macro   0x00017433      0x216 ./Drivers/STM32F4xx_HAL_Driver/Src/stm32f4xx_hal_gpio.o
 .debug_macro   0x00017649      0x21c ./Drivers/STM32F4xx_HAL_Driver/Src/stm32f4xx_hal_pcd.o
 .debug_macro   0x00017865      0x210 ./Drivers/STM32F4xx_HAL_Driver/Src/stm32f4xx_hal_pcd_ex.o
 .debug_macro   0x00017a75      0x234 ./Drivers/STM32F4xx_HAL_Driver/Src/stm32f4xx_hal_rcc.o
 .debug_macro   0x00017ca9      0x211 ./Drivers/STM32F4xx_HAL_Driver/Src/stm32f4xx_hal_tim.o
 .debug_macro   0x00017eba      0x210 ./Drivers/STM32F4xx_HAL_Driver/Src/stm32f4xx_hal_tim_ex.o
 .debug_macro   0x000180ca      0x210 ./Drivers/STM32F4xx_HAL_Driver/Src/stm32f4xx_ll_usb.o
 .debug_macro   0x000182da      0x3ae ./Middlewares/ST/STM32_USB_Device_Library/Class/CustomHID/Src/usbd_customhid.o
 .debug_macro   0x00018688       0x9e ./Middlewares/ST/STM32_USB_Device_Library/Class/CustomHID/Src/usbd_customhid.o
 .debug_macro   0x00018726      0x112 ./Middlewares/ST/STM32_USB_Device_Library/Class/CustomHID/Src/usbd_customhid.o
 .debug_macro   0x00018838       0x56 ./Middlewares/ST/STM32_USB_Device_Library/Class/CustomHID/Src/usbd_customhid.o
 .debug_macro   0x0001888e      0x395 ./Middlewares/ST/STM32_USB_Device_Library/Core/Src/usbd_core.o
 .debug_macro   0x00018c23      0x215 ./Middlewares/ST/STM32_USB_Device_Library/Core/Src/usbd_core.o
 .debug_macro   0x00018e38      0x39f ./Middlewares/ST/STM32_USB_Device_Library/Core/Src/usbd_ctlreq.o
 .debug_macro   0x000191d7      0x39b ./Middlewares/ST/STM32_USB_Device_Library/Core/Src/usbd_ioreq.o
 .debug_macro   0x00019572      0x3cf ./USB_DEVICE/App/usb_device.o
 .debug_macro   0x00019941       0x8e ./USB_DEVICE/App/usb_device.o
 .debug_macro   0x000199cf       0x22 ./USB_DEVICE/App/usb_device.o
 .debug_macro   0x000199f1      0x3b4 ./USB_DEVICE/App/usbd_custom_hid_if.o
 .debug_macro   0x00019da5      0x3d8 ./USB_DEVICE/App/usbd_desc.o
 .debug_macro   0x0001a17d       0x1c ./USB_DEVICE/App/usbd_desc.o
 .debug_macro   0x0001a199      0x3b2 ./USB_DEVICE/Target/usbd_conf.o

.debug_line     0x00000000    0x1804b
 .debug_line    0x00000000      0xdc2 ./Core/Src/main.o
 .debug_line    0x00000dc2      0x8ef ./Core/Src/stm32f4xx_hal_msp.o
 .debug_line    0x000016b1      0x8e3 ./Core/Src/stm32f4xx_it.o
 .debug_line    0x00001f94      0x832 ./Core/Src/system_stm32f4xx.o
 .debug_line    0x000027c6       0x7a ./Core/Startup/startup_stm32f411ceux.o
 .debug_line    0x00002840      0xaae ./Drivers/STM32F4xx_HAL_Driver/Src/stm32f4xx_hal.o
 .debug_line    0x000032ee     0x1205 ./Drivers/STM32F4xx_HAL_Driver/Src/stm32f4xx_hal_adc.o
 .debug_line    0x000044f3      0xef9 ./Drivers/STM32F4xx_HAL_Driver/Src/stm32f4xx_hal_adc_ex.o
 .debug_line    0x000053ec      0xd7e ./Drivers/STM32F4xx_HAL_Driver/Src/stm32f4xx_hal_cortex.o
 .debug_line    0x0000616a     0x101a ./Drivers/STM32F4xx_HAL_Driver/Src/stm32f4xx_hal_dma.o
 .debug_line    0x00007184      0xbca ./Drivers/STM32F4xx_HAL_Driver/Src/stm32f4xx_hal_gpio.o
 .debug_line    0x00007d4e     0x14f9 ./Drivers/STM32F4xx_HAL_Driver/Src/stm32f4xx_hal_pcd.o
 .debug_line    0x00009247      0x877 ./Drivers/STM32F4xx_HAL_Driver/Src/stm32f4xx_hal_pcd_ex.o
 .debug_line    0x00009abe      0xebb ./Drivers/STM32F4xx_HAL_Driver/Src/stm32f4xx_hal_rcc.o
 .debug_line    0x0000a979     0x35ed ./Drivers/STM32F4xx_HAL_Driver/Src/stm32f4xx_hal_tim.o
 .debug_line    0x0000df66     0x19a9 ./Drivers/STM32F4xx_HAL_Driver/Src/stm32f4xx_hal_tim_ex.o
 .debug_line    0x0000f90f     0x1d86 ./Drivers/STM32F4xx_HAL_Driver/Src/stm32f4xx_ll_usb.o
 .debug_line    0x00011695      0xe51 ./Middlewares/ST/STM32_USB_Device_Library/Class/CustomHID/Src/usbd_customhid.o
 .debug_line    0x000124e6      0xfd3 ./Middlewares/ST/STM32_USB_Device_Library/Core/Src/usbd_core.o
 .debug_line    0x000134b9     0x1195 ./Middlewares/ST/STM32_USB_Device_Library/Core/Src/usbd_ctlreq.o
 .debug_line    0x0001464e      0xada ./Middlewares/ST/STM32_USB_Device_Library/Core/Src/usbd_ioreq.o
 .debug_line    0x00015128      0xab3 ./USB_DEVICE/App/usb_device.o
 .debug_line    0x00015bdb      0xaa8 ./USB_DEVICE/App/usbd_custom_hid_if.o
 .debug_line    0x00016683      0xb49 ./USB_DEVICE/App/usbd_desc.o
 .debug_line    0x000171cc      0xe7f ./USB_DEVICE/Target/usbd_conf.o

.debug_str      0x00000000    0x9bfb0
 .debug_str     0x00000000    0x9bfb0 ./Core/Src/main.o
                              0x97c21 (size before relaxing)
 .debug_str     0x0009bfb0    0x92d75 ./Core/Src/stm32f4xx_hal_msp.o
 .debug_str     0x0009bfb0    0x92be7 ./Core/Src/stm32f4xx_it.o
 .debug_str     0x0009bfb0    0x91fa9 ./Core/Src/system_stm32f4xx.o
 .debug_str     0x0009bfb0       0x6e ./Core/Startup/startup_stm32f411ceux.o
 .debug_str     0x0009bfb0    0x929d5 ./Drivers/STM32F4xx_HAL_Driver/Src/stm32f4xx_hal.o
 .debug_str     0x0009bfb0    0x92584 ./Drivers/STM32F4xx_HAL_Driver/Src/stm32f4xx_hal_adc.o
 .debug_str     0x0009bfb0    0x925d8 ./Drivers/STM32F4xx_HAL_Driver/Src/stm32f4xx_hal_adc_ex.o
 .debug_str     0x0009bfb0    0x9273f ./Drivers/STM32F4xx_HAL_Driver/Src/stm32f4xx_hal_cortex.o
 .debug_str     0x0009bfb0    0x923b1 ./Drivers/STM32F4xx_HAL_Driver/Src/stm32f4xx_hal_dma.o
 .debug_str     0x0009bfb0    0x92124 ./Drivers/STM32F4xx_HAL_Driver/Src/stm32f4xx_hal_gpio.o
 .debug_str     0x0009bfb0    0x92a75 ./Drivers/STM32F4xx_HAL_Driver/Src/stm32f4xx_hal_pcd.o
 .debug_str     0x0009bfb0    0x92365 ./Drivers/STM32F4xx_HAL_Driver/Src/stm32f4xx_hal_pcd_ex.o
 .debug_str     0x0009bfb0    0x923dd ./Drivers/STM32F4xx_HAL_Driver/Src/stm32f4xx_hal_rcc.o
 .debug_str     0x0009bfb0    0x93321 ./Drivers/STM32F4xx_HAL_Driver/Src/stm32f4xx_hal_tim.o
 .debug_str     0x0009bfb0    0x92b2d ./Drivers/STM32F4xx_HAL_Driver/Src/stm32f4xx_hal_tim_ex.o
 .debug_str     0x0009bfb0    0x92950 ./Drivers/STM32F4xx_HAL_Driver/Src/stm32f4xx_ll_usb.o
 .debug_str     0x0009bfb0    0x96e7d ./Middlewares/ST/STM32_USB_Device_Library/Class/CustomHID/Src/usbd_customhid.o
 .debug_str     0x0009bfb0    0x96bf3 ./Middlewares/ST/STM32_USB_Device_Library/Core/Src/usbd_core.o
 .debug_str     0x0009bfb0    0x96a1e ./Middlewares/ST/STM32_USB_Device_Library/Core/Src/usbd_ctlreq.o
 .debug_str     0x0009bfb0    0x968f3 ./Middlewares/ST/STM32_USB_Device_Library/Core/Src/usbd_ioreq.o
 .debug_str     0x0009bfb0    0x96bbf ./USB_DEVICE/App/usb_device.o
 .debug_str     0x0009bfb0    0x96b29 ./USB_DEVICE/App/usbd_custom_hid_if.o
 .debug_str     0x0009bfb0    0x967f8 ./USB_DEVICE/App/usbd_desc.o
 .debug_str     0x0009bfb0    0x978d0 ./USB_DEVICE/Target/usbd_conf.o

.comment        0x00000000       0x43
 .comment       0x00000000       0x43 ./Core/Src/main.o
                                 0x44 (size before relaxing)
 .comment       0x00000043       0x44 ./Core/Src/stm32f4xx_hal_msp.o
 .comment       0x00000043       0x44 ./Core/Src/stm32f4xx_it.o
 .comment       0x00000043       0x44 ./Core/Src/system_stm32f4xx.o
 .comment       0x00000043       0x44 ./Drivers/STM32F4xx_HAL_Driver/Src/stm32f4xx_hal.o
 .comment       0x00000043       0x44 ./Drivers/STM32F4xx_HAL_Driver/Src/stm32f4xx_hal_adc.o
 .comment       0x00000043       0x44 ./Drivers/STM32F4xx_HAL_Driver/Src/stm32f4xx_hal_adc_ex.o
 .comment       0x00000043       0x44 ./Drivers/STM32F4xx_HAL_Driver/Src/stm32f4xx_hal_cortex.o
 .comment       0x00000043       0x44 ./Drivers/STM32F4xx_HAL_Driver/Src/stm32f4xx_hal_dma.o
 .comment       0x00000043       0x44 ./Drivers/STM32F4xx_HAL_Driver/Src/stm32f4xx_hal_gpio.o
 .comment       0x00000043       0x44 ./Drivers/STM32F4xx_HAL_Driver/Src/stm32f4xx_hal_pcd.o
 .comment       0x00000043       0x44 ./Drivers/STM32F4xx_HAL_Driver/Src/stm32f4xx_hal_pcd_ex.o
 .comment       0x00000043       0x44 ./Drivers/STM32F4xx_HAL_Driver/Src/stm32f4xx_hal_rcc.o
 .comment       0x00000043       0x44 ./Drivers/STM32F4xx_HAL_Driver/Src/stm32f4xx_hal_tim.o
 .comment       0x00000043       0x44 ./Drivers/STM32F4xx_HAL_Driver/Src/stm32f4xx_hal_tim_ex.o
 .comment       0x00000043       0x44 ./Drivers/STM32F4xx_HAL_Driver/Src/stm32f4xx_ll_usb.o
 .comment       0x00000043       0x44 ./Middlewares/ST/STM32_USB_Device_Library/Class/CustomHID/Src/usbd_customhid.o
 .comment       0x00000043       0x44 ./Middlewares/ST/STM32_USB_Device_Library/Core/Src/usbd_core.o
 .comment       0x00000043       0x44 ./Middlewares/ST/STM32_USB_Device_Library/Core/Src/usbd_ctlreq.o
 .comment       0x00000043       0x44 ./Middlewares/ST/STM32_USB_Device_Library/Core/Src/usbd_ioreq.o
 .comment       0x00000043       0x44 ./USB_DEVICE/App/usb_device.o
 .comment       0x00000043       0x44 ./USB_DEVICE/App/usbd_custom_hid_if.o
 .comment       0x00000043       0x44 ./USB_DEVICE/App/usbd_desc.o
 .comment       0x00000043       0x44 ./USB_DEVICE/Target/usbd_conf.o

.debug_frame    0x00000000     0x4f2c
 .debug_frame   0x00000000      0x1d0 ./Core/Src/main.o
 .debug_frame   0x000001d0      0x110 ./Core/Src/stm32f4xx_hal_msp.o
 .debug_frame   0x000002e0      0x190 ./Core/Src/stm32f4xx_it.o
 .debug_frame   0x00000470       0x58 ./Core/Src/system_stm32f4xx.o
 .debug_frame   0x000004c8      0x374 ./Drivers/STM32F4xx_HAL_Driver/Src/stm32f4xx_hal.o
 .debug_frame   0x0000083c      0x3fc ./Drivers/STM32F4xx_HAL_Driver/Src/stm32f4xx_hal_adc.o
 .debug_frame   0x00000c38      0x250 ./Drivers/STM32F4xx_HAL_Driver/Src/stm32f4xx_hal_adc_ex.o
 .debug_frame   0x00000e88      0x508 ./Drivers/STM32F4xx_HAL_Driver/Src/stm32f4xx_hal_cortex.o
 .debug_frame   0x00001390      0x250 ./Drivers/STM32F4xx_HAL_Driver/Src/stm32f4xx_hal_dma.o
 .debug_frame   0x000015e0      0x14c ./Drivers/STM32F4xx_HAL_Driver/Src/stm32f4xx_hal_gpio.o
 .debug_frame   0x0000172c      0x5b8 ./Drivers/STM32F4xx_HAL_Driver/Src/stm32f4xx_hal_pcd.o
 .debug_frame   0x00001ce4       0xb0 ./Drivers/STM32F4xx_HAL_Driver/Src/stm32f4xx_hal_pcd_ex.o
 .debug_frame   0x00001d94      0x1f4 ./Drivers/STM32F4xx_HAL_Driver/Src/stm32f4xx_hal_rcc.o
 .debug_frame   0x00001f88     0x11b8 ./Drivers/STM32F4xx_HAL_Driver/Src/stm32f4xx_hal_tim.o
 .debug_frame   0x00003140      0x638 ./Drivers/STM32F4xx_HAL_Driver/Src/stm32f4xx_hal_tim_ex.o
 .debug_frame   0x00003778      0x7c0 ./Drivers/STM32F4xx_HAL_Driver/Src/stm32f4xx_ll_usb.o
 .debug_frame   0x00003f38      0x1f4 ./Middlewares/ST/STM32_USB_Device_Library/Class/CustomHID/Src/usbd_customhid.o
 .debug_frame   0x0000412c      0x390 ./Middlewares/ST/STM32_USB_Device_Library/Core/Src/usbd_core.o
 .debug_frame   0x000044bc      0x23c ./Middlewares/ST/STM32_USB_Device_Library/Core/Src/usbd_ctlreq.o
 .debug_frame   0x000046f8      0x10c ./Middlewares/ST/STM32_USB_Device_Library/Core/Src/usbd_ioreq.o
 .debug_frame   0x00004804       0x2c ./USB_DEVICE/App/usb_device.o
 .debug_frame   0x00004830       0x74 ./USB_DEVICE/App/usbd_custom_hid_if.o
 .debug_frame   0x000048a4      0x160 ./USB_DEVICE/App/usbd_desc.o
 .debug_frame   0x00004a04      0x47c ./USB_DEVICE/Target/usbd_conf.o
 .debug_frame   0x00004e80       0x20 C:/ST/STM32CubeIDE_1.19.0/STM32CubeIDE/plugins/com.st.stm32cube.ide.mcu.externaltools.gnu-tools-for-stm32.13.3.rel1.win32_1.0.0.202411081344/tools/bin/../lib/gcc/arm-none-eabi/13.3.1/../../../../arm-none-eabi/lib/thumb/v7e-m+fp/hard\libc_nano.a(libc_a-memset.o)
 .debug_frame   0x00004ea0       0x2c C:/ST/STM32CubeIDE_1.19.0/STM32CubeIDE/plugins/com.st.stm32cube.ide.mcu.externaltools.gnu-tools-for-stm32.13.3.rel1.win32_1.0.0.202411081344/tools/bin/../lib/gcc/arm-none-eabi/13.3.1/../../../../arm-none-eabi/lib/thumb/v7e-m+fp/hard\libc_nano.a(libc_a-init.o)
 .debug_frame   0x00004ecc       0x2c C:/ST/STM32CubeIDE_1.19.0/STM32CubeIDE/plugins/com.st.stm32cube.ide.mcu.externaltools.gnu-tools-for-stm32.13.3.rel1.win32_1.0.0.202411081344/tools/bin/../lib/gcc/arm-none-eabi/13.3.1/thumb/v7e-m+fp/hard\libgcc.a(_aeabi_uldivmod.o)
 .debug_frame   0x00004ef8       0x34 C:/ST/STM32CubeIDE_1.19.0/STM32CubeIDE/plugins/com.st.stm32cube.ide.mcu.externaltools.gnu-tools-for-stm32.13.3.rel1.win32_1.0.0.202411081344/tools/bin/../lib/gcc/arm-none-eabi/13.3.1/thumb/v7e-m+fp/hard\libgcc.a(_udivmoddi4.o)

.debug_line_str
                0x00000000       0x52
 .debug_line_str
                0x00000000       0x52 ./Core/Startup/startup_stm32f411ceux.o